Archive member included because of file (symbol)

/opt/m68k/lib/gcc/m68k-elf/4.6.2/m68000/libgcc.a(_mulsi3.o)
                              BUILD/fat.o (__mulsi3)
/opt/m68k/lib/gcc/m68k-elf/4.6.2/m68000/libgcc.a(_udivsi3.o)
                              BUILD/fat.o (__udivsi3)
/opt/m68k/lib/gcc/m68k-elf/4.6.2/m68000/libgcc.a(_modsi3.o)
                              BUILD/menu.o (__modsi3)
/opt/m68k/lib/gcc/m68k-elf/4.6.2/m68000/libgcc.a(_divsi3.o)
                              /opt/m68k/lib/gcc/m68k-elf/4.6.2/m68000/libgcc.a(_modsi3.o) (__divsi3)
./libc.a(vsnprintf.o)         BUILD/printf.o (vsnprintf)
./libc.a(sprintf.o)           BUILD/fat.o (sprintf)
./libc.a(memcpy.o)            BUILD/fat.o (memcpy)
./libc.a(memcmp.o)            BUILD/menu.o (memcmp)
./libc.a(strcpy.o)            BUILD/fat.o (strcpy)
./libc.a(strcat.o)            BUILD/menu.o (strcat)
./libc.a(strncat.o)           BUILD/menu.o (strncat)
./libc.a(strncmp.o)           BUILD/fat.o (strncmp)
./libc.a(strlen.o)            BUILD/menu.o (strlen)
./libc.a(memset.o)            BUILD/fat.o (memset)
./libc.a(strncpy.o)           BUILD/fat.o (strncpy)
./libc.a(strchr.o)            ./libc.a(strcat.o) (strchr)
/opt/m68k/lib/gcc/m68k-elf/4.6.2/m68000/libgcc.a(_udivdi3.o)
                              ./libc.a(vsnprintf.o) (__udivdi3)
/opt/m68k/lib/gcc/m68k-elf/4.6.2/m68000/libgcc.a(_umoddi3.o)
                              ./libc.a(vsnprintf.o) (__umoddi3)
/opt/m68k/lib/gcc/m68k-elf/4.6.2/m68000/libgcc.a(_umodsi3.o)
                              /opt/m68k/lib/gcc/m68k-elf/4.6.2/m68000/libgcc.a(_udivdi3.o) (__umodsi3)
/opt/m68k/lib/gcc/m68k-elf/4.6.2/m68000/libgcc.a(_clz.o)
                              /opt/m68k/lib/gcc/m68k-elf/4.6.2/m68000/libgcc.a(_udivdi3.o) (__clz_tab)

Memory Configuration

Name             Origin             Length             Attributes
*default*        0x0000000000000000 0xffffffffffffffff

Linker script and memory map

LOAD BUILD/fat.o
LOAD BUILD/fdd.o
LOAD BUILD/fpga.o
LOAD BUILD/hardware.o
LOAD BUILD/hdd.o
LOAD BUILD/main.o
LOAD BUILD/menu.o
LOAD BUILD/mmc.o
LOAD BUILD/osd.o
LOAD BUILD/printf.o
LOAD BUILD/swap.o
LOAD BUILD/config.o
LOAD BUILD/rafile.o
LOAD BUILD/startup.o
LOAD /opt/m68k/lib/gcc/m68k-elf/4.6.2/m68000/libgcc.a
LOAD ./libc.a
LOAD /opt/m68k/lib/gcc/m68k-elf/4.6.2/m68000/libgcc.a
                0x0000000000002000                . = 0x2000

.code           0x0000000000002000    0x10e70
 BUILD/startup.o(.text)
 .text          0x0000000000002000       0x20 BUILD/startup.o
 *(.text)
 .text          0x0000000000002020     0x254a BUILD/fat.o
                0x0000000000002020                SwapEndianL
                0x0000000000002052                SwapPartitionBytes
                0x0000000000002084                bprintfl
                0x00000000000020b2                FindDrive
                0x000000000000265a                lfn_checksum
                0x0000000000002678                _strnicmp
                0x00000000000026bc                CompareDirEntries
                0x000000000000273a                ChangeDirectory
                0x000000000000274e                GetFATLink
                0x00000000000027e0                ScanDirectory
                0x0000000000003c5c                FileOpen
                0x0000000000003e0c                FileNextSector
                0x0000000000003ebc                FileSeek
                0x0000000000003fce                FileRead
                0x0000000000004022                FileReadEx
                0x00000000000040b0                FileWrite
                0x0000000000004104                FileCreate
                0x0000000000004462                UpdateEntry
 *fill*         0x000000000000456a        0x2 00
 .text          0x000000000000456c      0xf88 BUILD/fdd.o
                0x000000000000456c                SendSector
                0x000000000000480e                SendGap
                0x0000000000004828                ReadTrack
                0x0000000000004b2a                FindSync
                0x0000000000004c22                GetHeader
                0x0000000000004ffa                GetData
                0x00000000000052c2                WriteTrack
                0x0000000000005416                UpdateDriveStatus
                0x0000000000005460                HandleFDD
 .text          0x00000000000054f4      0x8ae BUILD/fpga.o
                0x00000000000054f4                SendFile
                0x0000000000005646                SendFileEncrypted
                0x00000000000057da                BootPrint
                0x0000000000005976                PrepareBootUpload
                0x0000000000005adc                BootExit
                0x0000000000005c12                ClearMemory
                0x0000000000005d68                GetFPGAStatus
 *fill*         0x0000000000005da2        0x2 00
 .text          0x0000000000005da4       0x76 BUILD/hardware.o
                0x0000000000005da4                CheckButton
                0x0000000000005da8                GetTimer
                0x0000000000005db8                CheckTimer
                0x0000000000005dd2                WaitTimer
                0x0000000000005df6                ConfigFastRAM
                0x0000000000005e10                Reconfigure
 *fill*         0x0000000000005e1a        0x2 00
 .text          0x0000000000005e1c     0x1fac BUILD/hdd.o
                0x0000000000005e8e                IdentifyDevice
                0x00000000000060f0                chs2lba
                0x000000000000614a                WriteTaskFile
                0x00000000000061ec                WriteStatus
                0x0000000000006228                GetHardfileGeometry
                0x000000000000632c                BuildHardfileIndex
                0x0000000000006388                HardFileSeek
                0x0000000000006400                HandleHDD
                0x0000000000007a5e                OpenHardfile
                0x0000000000007cf6                GetHDFFileType
 .text          0x0000000000007dc8      0x1bc BUILD/main.o
                0x0000000000007dc8                FatalError
                0x0000000000007e28                HandleFpga
                0x0000000000007e92                c_entry
 .text          0x0000000000007f84     0x3ab2 BUILD/menu.o
                0x0000000000007f84                _showdebugmessages
                0x0000000000007fda                SelectFile
                0x000000000000804a                ShowSplash
                0x00000000000080ec                HideSplash
                0x00000000000080f2                ScrollLongName
                0x000000000000818e                GetDiskInfo
                0x0000000000008274                PrintDirectory
                0x000000000000846a                _strncpy
                0x0000000000008492                InsertFloppy
                0x0000000000008616                ErrorMessage
                0x0000000000008742                InfoMessage
                0x000000000000881e                HandleUI
                0x000000000000b9ec                DebugMessage
 *fill*         0x000000000000ba36        0x2 00
 .text          0x000000000000ba38      0xa0a BUILD/mmc.o
                0x000000000000ba38                MMC_CMD12
                0x000000000000bb0c                MMC_CRC
                0x000000000000bb3c                MMC_Command
                0x000000000000bc20                MMC_Write
                0x000000000000bd52                MMC_ReadMultiple
                0x000000000000bebe                MMC_GetCSD
                0x000000000000bf8e                MMC_GetCapacity
                0x000000000000c028                MMC_Read
                0x000000000000c17e                MMC_Init
 *fill*         0x000000000000c442        0x2 00
 .text          0x000000000000c444     0x1932 BUILD/osd.o
                0x000000000000c482                framebuffer_clear
                0x000000000000c4a8                framebuffer_plot
                0x000000000000c4d6                StarsInit
                0x000000000000c530                StarsUpdate
                0x000000000000c5c2                OsdSetTitle
                0x000000000000c702                OsdWriteOffset
                0x000000000000ce8c                OsdWrite
                0x000000000000ceb0                OsdDrawLogo
                0x000000000000d34c                OsdWriteDoubleSize
                0x000000000000d682                OSD_PrintText
                0x000000000000d8b2                OsdClear
                0x000000000000d8e8                OsdWaitVBL
                0x000000000000d8ea                OsdEnable
                0x000000000000d910                OsdDisable
                0x000000000000d92c                OsdReset
                0x000000000000d952                ConfigFilter
                0x000000000000d98a                ConfigMemory
                0x000000000000d9e4                ConfigCPU
                0x000000000000da06                ConfigChipset
                0x000000000000da2c                ConfigFloppy
                0x000000000000da64                ConfigScanlines
                0x000000000000da8a                ConfigIDE
                0x000000000000dad6                ConfigAutofire
                0x000000000000dafc                GetASCIIKey
                0x000000000000db16                OsdGetCtrl
                0x000000000000dc34                ScrollText
                0x000000000000dd5c                ScrollReset
 *fill*         0x000000000000dd76        0x2 00
 .text          0x000000000000dd78       0x78 BUILD/printf.o
                0x000000000000dd78                printf
                0x000000000000ddba                putchar
                0x000000000000ddc6                puts
                0x000000000000ddda                tolower
 .text          0x000000000000ddf0       0x1c BUILD/swap.o
                0x000000000000ddf0                SwapBBBB
                0x000000000000ddfc                SwapBB
                0x000000000000de04                SwapWW
 .text          0x000000000000de0c      0xbea BUILD/config.o
                0x000000000000de0c                UploadKickstart
                0x000000000000dfd0                UploadActionReplay
                0x000000000000e048                SetConfigurationFilename
                0x000000000000e07e                ConfigurationExists
                0x000000000000e0a2                ApplyConfiguration
                0x000000000000e6ae                LoadConfiguration
                0x000000000000e890                SaveConfiguration
 *fill*         0x000000000000e9f6        0x2 00
 .text          0x000000000000e9f8      0x170 BUILD/rafile.o
                0x000000000000e9f8                RARead
                0x000000000000eacc                RASeek
                0x000000000000eb36                RAOpen
 .text          0x000000000000eb68       0x22 /opt/m68k/lib/gcc/m68k-elf/4.6.2/m68000/libgcc.a(_mulsi3.o)
                0x000000000000eb68                __mulsi3
 *fill*         0x000000000000eb8a        0x2 00
 .text          0x000000000000eb8c       0x5c /opt/m68k/lib/gcc/m68k-elf/4.6.2/m68000/libgcc.a(_udivsi3.o)
                0x000000000000eb8c                __udivsi3
 .text          0x000000000000ebe8       0x2e /opt/m68k/lib/gcc/m68k-elf/4.6.2/m68000/libgcc.a(_modsi3.o)
                0x000000000000ebe8                __modsi3
 *fill*         0x000000000000ec16        0x2 00
 .text          0x000000000000ec18       0x2e /opt/m68k/lib/gcc/m68k-elf/4.6.2/m68000/libgcc.a(_divsi3.o)
                0x000000000000ec18                __divsi3
 *fill*         0x000000000000ec46        0x2 00
 .text          0x000000000000ec48      0x75e ./libc.a(vsnprintf.o)
                0x000000000000ec48                vsnprintf
 *fill*         0x000000000000f3a6        0x2 00
 .text          0x000000000000f3a8       0x22 ./libc.a(sprintf.o)
                0x000000000000f3a8                sprintf
 *fill*         0x000000000000f3ca        0x2 00
 .text          0x000000000000f3cc       0x20 ./libc.a(memcpy.o)
                0x000000000000f3cc                memcpy
 .text          0x000000000000f3ec       0x2e ./libc.a(memcmp.o)
                0x000000000000f3ec                memcmp
 *fill*         0x000000000000f41a        0x2 00
 .text          0x000000000000f41c       0x12 ./libc.a(strcpy.o)
                0x000000000000f41c                strcpy
 *fill*         0x000000000000f42e        0x2 00
 .text          0x000000000000f430       0x26 ./libc.a(strcat.o)
                0x000000000000f430                strcat
 *fill*         0x000000000000f456        0x2 00
 .text          0x000000000000f458       0x38 ./libc.a(strncat.o)
                0x000000000000f458                strncat
 .text          0x000000000000f490       0x34 ./libc.a(strncmp.o)
                0x000000000000f490                strncmp
 .text          0x000000000000f4c4       0x14 ./libc.a(strlen.o)
                0x000000000000f4c4                strlen
 .text          0x000000000000f4d8       0x1e ./libc.a(memset.o)
                0x000000000000f4d8                memset
 *fill*         0x000000000000f4f6        0x2 00
 .text          0x000000000000f4f8       0x34 ./libc.a(strncpy.o)
                0x000000000000f4f8                strncpy
 .text          0x000000000000f52c       0x22 ./libc.a(strchr.o)
                0x000000000000f52c                strchr
 *fill*         0x000000000000f54e        0x2 00
 .text          0x000000000000f550      0x5b0 /opt/m68k/lib/gcc/m68k-elf/4.6.2/m68000/libgcc.a(_udivdi3.o)
                0x000000000000f550                __udivdi3
 .text          0x000000000000fb00      0x532 /opt/m68k/lib/gcc/m68k-elf/4.6.2/m68000/libgcc.a(_umoddi3.o)
                0x000000000000fb00                __umoddi3
 *fill*         0x0000000000010032        0x2 00
 .text          0x0000000000010034       0x2e /opt/m68k/lib/gcc/m68k-elf/4.6.2/m68000/libgcc.a(_umodsi3.o)
                0x0000000000010034                __umodsi3
 *fill*         0x0000000000010062        0x2 00
 .text          0x0000000000010064        0x0 /opt/m68k/lib/gcc/m68k-elf/4.6.2/m68000/libgcc.a(_clz.o)
 *(.rodata)
 .rodata        0x0000000000010064       0x10 BUILD/hdd.o
 .rodata        0x0000000000010074       0x13 BUILD/main.o
                0x0000000000010074                version
 .rodata        0x0000000000010087      0x4ef BUILD/osd.o
                0x0000000000010087                keycode_table
                0x0000000000010107                logodata
 .rodata        0x0000000000010576        0x9 BUILD/config.o
 .rodata        0x000000000001057f       0x22 ./libc.a(vsnprintf.o)
 .rodata        0x00000000000105a1      0x100 /opt/m68k/lib/gcc/m68k-elf/4.6.2/m68000/libgcc.a(_clz.o)
                0x00000000000105a1                __clz_tab
 *(.rodata.*)
 .rodata.str1.1
                0x00000000000106a1      0x3c0 BUILD/fat.o
                                        0x3c3 (size before relaxing)
 .rodata.str1.1
                0x0000000000010a61       0xe5 BUILD/fdd.o
 .rodata.str1.1
                0x0000000000010b46       0x20 BUILD/fpga.o
 .rodata.str1.1
                0x0000000000010b66      0x2b0 BUILD/hdd.o
                                        0x2c1 (size before relaxing)
 .rodata.str1.1
                0x0000000000010e16       0xc7 BUILD/main.o
 .rodata.str1.1
                0x0000000000010edd      0xe48 BUILD/menu.o
                                        0xf1d (size before relaxing)
 .rodata.str1.1
                0x0000000000011d25      0x309 BUILD/mmc.o
 .rodata.str1.1
                0x000000000001202e       0x18 BUILD/osd.o
 .rodata.str1.1
                0x0000000000012046      0x559 BUILD/config.o
                                        0x575 (size before relaxing)
 .rodata.str1.1
                0x000000000001259f        0x7 ./libc.a(vsnprintf.o)
 *(.data)
 *fill*         0x00000000000125a6        0x2 00
 .data          0x00000000000125a8        0x0 BUILD/fat.o
 .data          0x00000000000125a8        0x0 BUILD/fdd.o
 .data          0x00000000000125a8        0x0 BUILD/fpga.o
 .data          0x00000000000125a8        0x0 BUILD/hardware.o
 .data          0x00000000000125a8        0x0 BUILD/hdd.o
 .data          0x00000000000125a8        0x0 BUILD/main.o
 .data          0x00000000000125a8       0xc6 BUILD/menu.o
                0x00000000000125a8                helptexts
                0x00000000000125c4                config_autofire_msg
                0x00000000000125d4                config_chipset_msg
                0x00000000000125e4                config_hdf_msg
                0x0000000000012600                config_cpu_msg
                0x0000000000012610                config_memory_fast_msg
                0x0000000000012620                config_scanlines_msg
                0x000000000001262c                config_on_off_msg
                0x0000000000012634                config_memory_slow_msg
                0x0000000000012644                config_memory_chip_msg
                0x0000000000012654                config_filter_msg
 *fill*         0x000000000001266e        0x2 00
 .data          0x0000000000012670        0x0 BUILD/mmc.o
 .data          0x0000000000012670      0x800 BUILD/osd.o
                0x0000000000012670                charfont
 .data          0x0000000000012e70        0x0 BUILD/printf.o
 .data          0x0000000000012e70        0x0 BUILD/swap.o
 .data          0x0000000000012e70        0x0 BUILD/config.o
 .data          0x0000000000012e70        0x0 BUILD/rafile.o
 .data          0x0000000000012e70        0x0 BUILD/startup.o
 .data          0x0000000000012e70        0x0 /opt/m68k/lib/gcc/m68k-elf/4.6.2/m68000/libgcc.a(_mulsi3.o)
 .data          0x0000000000012e70        0x0 /opt/m68k/lib/gcc/m68k-elf/4.6.2/m68000/libgcc.a(_udivsi3.o)
 .data          0x0000000000012e70        0x0 /opt/m68k/lib/gcc/m68k-elf/4.6.2/m68000/libgcc.a(_modsi3.o)
 .data          0x0000000000012e70        0x0 /opt/m68k/lib/gcc/m68k-elf/4.6.2/m68000/libgcc.a(_divsi3.o)
 .data          0x0000000000012e70        0x0 ./libc.a(vsnprintf.o)
 .data          0x0000000000012e70        0x0 ./libc.a(sprintf.o)
 .data          0x0000000000012e70        0x0 ./libc.a(memcpy.o)
 .data          0x0000000000012e70        0x0 ./libc.a(memcmp.o)
 .data          0x0000000000012e70        0x0 ./libc.a(strcpy.o)
 .data          0x0000000000012e70        0x0 ./libc.a(strcat.o)
 .data          0x0000000000012e70        0x0 ./libc.a(strncat.o)
 .data          0x0000000000012e70        0x0 ./libc.a(strncmp.o)
 .data          0x0000000000012e70        0x0 ./libc.a(strlen.o)
 .data          0x0000000000012e70        0x0 ./libc.a(memset.o)
 .data          0x0000000000012e70        0x0 ./libc.a(strncpy.o)
 .data          0x0000000000012e70        0x0 ./libc.a(strchr.o)
 .data          0x0000000000012e70        0x0 /opt/m68k/lib/gcc/m68k-elf/4.6.2/m68000/libgcc.a(_udivdi3.o)
 .data          0x0000000000012e70        0x0 /opt/m68k/lib/gcc/m68k-elf/4.6.2/m68000/libgcc.a(_umoddi3.o)
 .data          0x0000000000012e70        0x0 /opt/m68k/lib/gcc/m68k-elf/4.6.2/m68000/libgcc.a(_umodsi3.o)
 .data          0x0000000000012e70        0x0 /opt/m68k/lib/gcc/m68k-elf/4.6.2/m68000/libgcc.a(_clz.o)

.extra          0x0000000000012e70     0x68c0
                0x0000000000012e70                __s_bss = .
 *(.bss)
 .bss           0x0000000000012e70     0x19e1 BUILD/fat.o
                0x0000000000012e70                t_sort_table
                0x0000000000012e78                t_DirEntry
                0x0000000000012f78                t_DirEntryLFN
                0x00000000000137a0                iPreviousDirectory
                0x00000000000137a4                iCurrentDirectory
                0x00000000000137a8                iSelectedEntry
                0x00000000000137a9                nDirEntries
                0x00000000000137aa                sort_table
                0x00000000000137b2                DirEntry
                0x00000000000138b2                DirEntryLFN
                0x00000000000140da                buffered_fat_index
                0x00000000000140de                fat_buffer
                0x00000000000142de                partitioncount
                0x00000000000142e2                partitions
                0x0000000000014322                sector_buffer
                0x0000000000014722                fat_size
                0x0000000000014726                dir_entries
                0x0000000000014728                cluster_mask
                0x000000000001472c                cluster_size
                0x000000000001472d                fat_number
                0x000000000001472e                root_directory_size
                0x0000000000014732                root_directory_start
                0x0000000000014736                root_directory_cluster
                0x000000000001473a                data_start
                0x000000000001473e                fat_start
                0x0000000000014742                boot_sector
                0x0000000000014746                fat32
                0x0000000000014747                fattype
                0x0000000000014748                entries_per_cluster
                0x000000000001474a                directory_cluster
 *fill*         0x0000000000014851        0x3 00
 .bss           0x0000000000014854      0xae6 BUILD/fdd.o
                0x0000000000014854                df
                0x0000000000015334                pdfx
                0x0000000000015338                drives
                0x0000000000015339                DEBUG
 *fill*         0x000000000001533a        0x2 00
 .bss           0x000000000001533c        0x0 BUILD/fpga.o
 .bss           0x000000000001533c        0x0 BUILD/hardware.o
 .bss           0x000000000001533c     0x23fa BUILD/hdd.o
                0x000000000001533c                rdbfile
                0x0000000000015466                debugmsg2
                0x000000000001548e                debugmsg
                0x00000000000154b6                hdf
 *fill*         0x0000000000017736        0x2 00
 .bss           0x0000000000017738       0x29 BUILD/main.o
                0x0000000000017738                s
                0x0000000000017760                Error
 *fill*         0x0000000000017761        0x3 00
 .bss           0x0000000000017764      0x186 BUILD/menu.o
                0x0000000000017764                fs_MenuCancel
                0x0000000000017765                fs_MenuSelect
                0x0000000000017766                fs_Options
                0x0000000000017768                fs_pFileExt
                0x000000000001776c                config_autofire
                0x000000000001776d                DiskInfo
                0x0000000000017772                DirEntryInfo
                0x000000000001779a                menu_timer
                0x000000000001779e                menumask
                0x00000000000177a2                menusub
                0x00000000000177a3                parentstate
                0x00000000000177a4                menustate
 *fill*         0x00000000000178ea        0x2 00
 .bss           0x00000000000178ec       0x17 BUILD/mmc.o
                0x00000000000178ec                CSDData
                0x00000000000178fc                CardType
                0x00000000000178fd                response
                0x00000000000178fe                timeout
                0x0000000000017902                crc
 *fill*         0x0000000000017903        0x1 00
 .bss           0x0000000000017904      0xc5c BUILD/osd.o
                0x0000000000017904                framebuffer
                0x0000000000018104                stars
 .bss           0x0000000000018560      0x100 BUILD/printf.o
                0x0000000000018560                buf
 .bss           0x0000000000018660        0x0 BUILD/swap.o
 .bss           0x0000000000018660     0x10ce BUILD/config.o
                0x0000000000018660                romfile
                0x0000000000018992                romkey
                0x0000000000019592                DebugMode
                0x0000000000019593                configfilename
                0x00000000000195a0                file
                0x00000000000196ca                config
 *fill*         0x000000000001972e        0x2 00
 .bss           0x0000000000019730        0x0 BUILD/rafile.o
 .bss           0x0000000000019730        0x0 BUILD/startup.o
 .bss           0x0000000000019730        0x0 /opt/m68k/lib/gcc/m68k-elf/4.6.2/m68000/libgcc.a(_mulsi3.o)
 .bss           0x0000000000019730        0x0 /opt/m68k/lib/gcc/m68k-elf/4.6.2/m68000/libgcc.a(_udivsi3.o)
 .bss           0x0000000000019730        0x0 /opt/m68k/lib/gcc/m68k-elf/4.6.2/m68000/libgcc.a(_modsi3.o)
 .bss           0x0000000000019730        0x0 /opt/m68k/lib/gcc/m68k-elf/4.6.2/m68000/libgcc.a(_divsi3.o)
 .bss           0x0000000000019730        0x0 ./libc.a(vsnprintf.o)
 .bss           0x0000000000019730        0x0 ./libc.a(sprintf.o)
 .bss           0x0000000000019730        0x0 ./libc.a(memcpy.o)
 .bss           0x0000000000019730        0x0 ./libc.a(memcmp.o)
 .bss           0x0000000000019730        0x0 ./libc.a(strcpy.o)
 .bss           0x0000000000019730        0x0 ./libc.a(strcat.o)
 .bss           0x0000000000019730        0x0 ./libc.a(strncat.o)
 .bss           0x0000000000019730        0x0 ./libc.a(strncmp.o)
 .bss           0x0000000000019730        0x0 ./libc.a(strlen.o)
 .bss           0x0000000000019730        0x0 ./libc.a(memset.o)
 .bss           0x0000000000019730        0x0 ./libc.a(strncpy.o)
 .bss           0x0000000000019730        0x0 ./libc.a(strchr.o)
 .bss           0x0000000000019730        0x0 /opt/m68k/lib/gcc/m68k-elf/4.6.2/m68000/libgcc.a(_udivdi3.o)
 .bss           0x0000000000019730        0x0 /opt/m68k/lib/gcc/m68k-elf/4.6.2/m68000/libgcc.a(_umoddi3.o)
 .bss           0x0000000000019730        0x0 /opt/m68k/lib/gcc/m68k-elf/4.6.2/m68000/libgcc.a(_umodsi3.o)
 .bss           0x0000000000019730        0x0 /opt/m68k/lib/gcc/m68k-elf/4.6.2/m68000/libgcc.a(_clz.o)
                0x0000000000019730                __e_bss = .

.eh_frame       0x0000000000019730      0x22c
 *(.eh_frame)
 .eh_frame      0x0000000000019730      0x128 /opt/m68k/lib/gcc/m68k-elf/4.6.2/m68000/libgcc.a(_udivdi3.o)
 .eh_frame      0x0000000000019858      0x104 /opt/m68k/lib/gcc/m68k-elf/4.6.2/m68000/libgcc.a(_umoddi3.o)
                                        0x11c (size before relaxing)
                0x000000000001995c                heap_low = .
                0x000000000001a95c                . = (. + 0x1000)
                0x000000000001a95c                heap_top = .
                0x0000000000001000                stack_top = 0x1000
OUTPUT(menu.elf elf32-m68k)

.comment        0x0000000000000000       0x11
 .comment       0x0000000000000000       0x11 BUILD/fat.o
                                         0x12 (size before relaxing)
 .comment       0x0000000000000000       0x12 BUILD/fdd.o
 .comment       0x0000000000000000       0x12 BUILD/fpga.o
 .comment       0x0000000000000000       0x12 BUILD/hardware.o
 .comment       0x0000000000000000       0x12 BUILD/hdd.o
 .comment       0x0000000000000000       0x12 BUILD/main.o
 .comment       0x0000000000000000       0x12 BUILD/menu.o
 .comment       0x0000000000000000       0x12 BUILD/mmc.o
 .comment       0x0000000000000000       0x12 BUILD/osd.o
 .comment       0x0000000000000000       0x12 BUILD/printf.o
 .comment       0x0000000000000000       0x12 BUILD/swap.o
 .comment       0x0000000000000000       0x12 BUILD/config.o
 .comment       0x0000000000000000       0x12 BUILD/rafile.o
 .comment       0x0000000000000000       0x12 ./libc.a(vsnprintf.o)
 .comment       0x0000000000000000       0x12 ./libc.a(sprintf.o)
 .comment       0x0000000000000000       0x12 ./libc.a(memcpy.o)
 .comment       0x0000000000000000       0x12 ./libc.a(memcmp.o)
 .comment       0x0000000000000000       0x12 ./libc.a(strcpy.o)
 .comment       0x0000000000000000       0x12 ./libc.a(strcat.o)
 .comment       0x0000000000000000       0x12 ./libc.a(strncat.o)
 .comment       0x0000000000000000       0x12 ./libc.a(strncmp.o)
 .comment       0x0000000000000000       0x12 ./libc.a(strlen.o)
 .comment       0x0000000000000000       0x12 ./libc.a(memset.o)
 .comment       0x0000000000000000       0x12 ./libc.a(strncpy.o)
 .comment       0x0000000000000000       0x12 ./libc.a(strchr.o)
 .comment       0x0000000000000000       0x12 /opt/m68k/lib/gcc/m68k-elf/4.6.2/m68000/libgcc.a(_udivdi3.o)
 .comment       0x0000000000000000       0x12 /opt/m68k/lib/gcc/m68k-elf/4.6.2/m68000/libgcc.a(_umoddi3.o)
 .comment       0x0000000000000000       0x12 /opt/m68k/lib/gcc/m68k-elf/4.6.2/m68000/libgcc.a(_clz.o)

.debug_line     0x0000000000000000      0x4c6
 .debug_line    0x0000000000000000       0x6c /opt/m68k/lib/gcc/m68k-elf/4.6.2/m68000/libgcc.a(_mulsi3.o)
 .debug_line    0x000000000000006c       0x85 /opt/m68k/lib/gcc/m68k-elf/4.6.2/m68000/libgcc.a(_udivsi3.o)
 .debug_line    0x00000000000000f1       0x70 /opt/m68k/lib/gcc/m68k-elf/4.6.2/m68000/libgcc.a(_modsi3.o)
 .debug_line    0x0000000000000161       0x74 /opt/m68k/lib/gcc/m68k-elf/4.6.2/m68000/libgcc.a(_divsi3.o)
 .debug_line    0x00000000000001d5      0x125 /opt/m68k/lib/gcc/m68k-elf/4.6.2/m68000/libgcc.a(_udivdi3.o)
 .debug_line    0x00000000000002fa      0x10b /opt/m68k/lib/gcc/m68k-elf/4.6.2/m68000/libgcc.a(_umoddi3.o)
 .debug_line    0x0000000000000405       0x70 /opt/m68k/lib/gcc/m68k-elf/4.6.2/m68000/libgcc.a(_umodsi3.o)
 .debug_line    0x0000000000000475       0x51 /opt/m68k/lib/gcc/m68k-elf/4.6.2/m68000/libgcc.a(_clz.o)

.debug_info     0x0000000000000000     0x1098
 .debug_info    0x0000000000000000       0x9f /opt/m68k/lib/gcc/m68k-elf/4.6.2/m68000/libgcc.a(_mulsi3.o)
 .debug_info    0x000000000000009f       0x9f /opt/m68k/lib/gcc/m68k-elf/4.6.2/m68000/libgcc.a(_udivsi3.o)
 .debug_info    0x000000000000013e       0x9f /opt/m68k/lib/gcc/m68k-elf/4.6.2/m68000/libgcc.a(_modsi3.o)
 .debug_info    0x00000000000001dd       0x9f /opt/m68k/lib/gcc/m68k-elf/4.6.2/m68000/libgcc.a(_divsi3.o)
 .debug_info    0x000000000000027c      0x654 /opt/m68k/lib/gcc/m68k-elf/4.6.2/m68000/libgcc.a(_udivdi3.o)
 .debug_info    0x00000000000008d0      0x660 /opt/m68k/lib/gcc/m68k-elf/4.6.2/m68000/libgcc.a(_umoddi3.o)
 .debug_info    0x0000000000000f30       0x9f /opt/m68k/lib/gcc/m68k-elf/4.6.2/m68000/libgcc.a(_umodsi3.o)
 .debug_info    0x0000000000000fcf       0xc9 /opt/m68k/lib/gcc/m68k-elf/4.6.2/m68000/libgcc.a(_clz.o)

.debug_abbrev   0x0000000000000000      0x3e9
 .debug_abbrev  0x0000000000000000       0x14 /opt/m68k/lib/gcc/m68k-elf/4.6.2/m68000/libgcc.a(_mulsi3.o)
 .debug_abbrev  0x0000000000000014       0x14 /opt/m68k/lib/gcc/m68k-elf/4.6.2/m68000/libgcc.a(_udivsi3.o)
 .debug_abbrev  0x0000000000000028       0x14 /opt/m68k/lib/gcc/m68k-elf/4.6.2/m68000/libgcc.a(_modsi3.o)
 .debug_abbrev  0x000000000000003c       0x14 /opt/m68k/lib/gcc/m68k-elf/4.6.2/m68000/libgcc.a(_divsi3.o)
 .debug_abbrev  0x0000000000000050      0x185 /opt/m68k/lib/gcc/m68k-elf/4.6.2/m68000/libgcc.a(_udivdi3.o)
 .debug_abbrev  0x00000000000001d5      0x19f /opt/m68k/lib/gcc/m68k-elf/4.6.2/m68000/libgcc.a(_umoddi3.o)
 .debug_abbrev  0x0000000000000374       0x14 /opt/m68k/lib/gcc/m68k-elf/4.6.2/m68000/libgcc.a(_umodsi3.o)
 .debug_abbrev  0x0000000000000388       0x61 /opt/m68k/lib/gcc/m68k-elf/4.6.2/m68000/libgcc.a(_clz.o)

.debug_aranges  0x0000000000000000       0xe0
 .debug_aranges
                0x0000000000000000       0x20 /opt/m68k/lib/gcc/m68k-elf/4.6.2/m68000/libgcc.a(_mulsi3.o)
 .debug_aranges
                0x0000000000000020       0x20 /opt/m68k/lib/gcc/m68k-elf/4.6.2/m68000/libgcc.a(_udivsi3.o)
 .debug_aranges
                0x0000000000000040       0x20 /opt/m68k/lib/gcc/m68k-elf/4.6.2/m68000/libgcc.a(_modsi3.o)
 .debug_aranges
                0x0000000000000060       0x20 /opt/m68k/lib/gcc/m68k-elf/4.6.2/m68000/libgcc.a(_divsi3.o)
 .debug_aranges
                0x0000000000000080       0x20 /opt/m68k/lib/gcc/m68k-elf/4.6.2/m68000/libgcc.a(_udivdi3.o)
 .debug_aranges
                0x00000000000000a0       0x20 /opt/m68k/lib/gcc/m68k-elf/4.6.2/m68000/libgcc.a(_umoddi3.o)
 .debug_aranges
                0x00000000000000c0       0x20 /opt/m68k/lib/gcc/m68k-elf/4.6.2/m68000/libgcc.a(_umodsi3.o)

.debug_loc      0x0000000000000000     0x160d
 .debug_loc     0x0000000000000000      0xbd7 /opt/m68k/lib/gcc/m68k-elf/4.6.2/m68000/libgcc.a(_udivdi3.o)
 .debug_loc     0x0000000000000bd7      0xa36 /opt/m68k/lib/gcc/m68k-elf/4.6.2/m68000/libgcc.a(_umoddi3.o)

.debug_ranges   0x0000000000000000      0x298
 .debug_ranges  0x0000000000000000      0x178 /opt/m68k/lib/gcc/m68k-elf/4.6.2/m68000/libgcc.a(_udivdi3.o)
 .debug_ranges  0x0000000000000178      0x120 /opt/m68k/lib/gcc/m68k-elf/4.6.2/m68000/libgcc.a(_umoddi3.o)

.debug_str      0x0000000000000000      0x174
 .debug_str     0x0000000000000000      0x16a /opt/m68k/lib/gcc/m68k-elf/4.6.2/m68000/libgcc.a(_udivdi3.o)
                                        0x1c5 (size before relaxing)
 .debug_str     0x000000000000016a        0xa /opt/m68k/lib/gcc/m68k-elf/4.6.2/m68000/libgcc.a(_umoddi3.o)
                                        0x1c5 (size before relaxing)
 .debug_str     0x0000000000000000      0x157 /opt/m68k/lib/gcc/m68k-elf/4.6.2/m68000/libgcc.a(_clz.o)
