Archive member included because of file (symbol)

/opt/m68k/lib/gcc/m68k-elf/4.6.2/m68000/libgcc.a(_mulsi3.o)
                              BUILD/fat.o (__mulsi3)
/opt/m68k/lib/gcc/m68k-elf/4.6.2/m68000/libgcc.a(_udivsi3.o)
                              BUILD/fat.o (__udivsi3)
/opt/m68k/lib/gcc/m68k-elf/4.6.2/m68000/libgcc.a(_modsi3.o)
                              BUILD/menu.o (__modsi3)
/opt/m68k/lib/gcc/m68k-elf/4.6.2/m68000/libgcc.a(_divsi3.o)
                              /opt/m68k/lib/gcc/m68k-elf/4.6.2/m68000/libgcc.a(_modsi3.o) (__divsi3)
./libc.a(vsnprintf.o)         BUILD/printf.o (vsnprintf)
./libc.a(sprintf.o)           BUILD/fat.o (sprintf)
./libc.a(memcpy.o)            BUILD/fat.o (memcpy)
./libc.a(memcmp.o)            BUILD/menu.o (memcmp)
./libc.a(strcpy.o)            BUILD/fat.o (strcpy)
./libc.a(strcat.o)            BUILD/menu.o (strcat)
./libc.a(strncat.o)           BUILD/menu.o (strncat)
./libc.a(strncmp.o)           BUILD/fat.o (strncmp)
./libc.a(strlen.o)            BUILD/menu.o (strlen)
./libc.a(memset.o)            BUILD/fat.o (memset)
./libc.a(strncpy.o)           BUILD/fat.o (strncpy)
./libc.a(strchr.o)            ./libc.a(strcat.o) (strchr)
/opt/m68k/lib/gcc/m68k-elf/4.6.2/m68000/libgcc.a(_udivdi3.o)
                              ./libc.a(vsnprintf.o) (__udivdi3)
/opt/m68k/lib/gcc/m68k-elf/4.6.2/m68000/libgcc.a(_umoddi3.o)
                              ./libc.a(vsnprintf.o) (__umoddi3)
/opt/m68k/lib/gcc/m68k-elf/4.6.2/m68000/libgcc.a(_umodsi3.o)
                              /opt/m68k/lib/gcc/m68k-elf/4.6.2/m68000/libgcc.a(_udivdi3.o) (__umodsi3)
/opt/m68k/lib/gcc/m68k-elf/4.6.2/m68000/libgcc.a(_clz.o)
                              /opt/m68k/lib/gcc/m68k-elf/4.6.2/m68000/libgcc.a(_udivdi3.o) (__clz_tab)

Memory Configuration

Name             Origin             Length             Attributes
*default*        0x0000000000000000 0xffffffffffffffff

Linker script and memory map

LOAD BUILD/fat.o
LOAD BUILD/fdd.o
LOAD BUILD/fpga.o
LOAD BUILD/hardware.o
LOAD BUILD/hdd.o
LOAD BUILD/main.o
LOAD BUILD/menu.o
LOAD BUILD/mmc.o
LOAD BUILD/osd.o
LOAD BUILD/printf.o
LOAD BUILD/swap.o
LOAD BUILD/config.o
LOAD BUILD/rafile.o
LOAD BUILD/startup.o
LOAD /opt/m68k/lib/gcc/m68k-elf/4.6.2/m68000/libgcc.a
LOAD ./libc.a
LOAD /opt/m68k/lib/gcc/m68k-elf/4.6.2/m68000/libgcc.a
                0x0000000000002000                . = 0x2000

.code           0x0000000000002000    0x10e40
 BUILD/startup.o(.text)
 .text          0x0000000000002000       0x20 BUILD/startup.o
 *(.text)
 .text          0x0000000000002020     0x254a BUILD/fat.o
                0x0000000000002020                SwapEndianL
                0x0000000000002052                SwapPartitionBytes
                0x0000000000002084                bprintfl
                0x00000000000020b2                FindDrive
                0x000000000000265a                lfn_checksum
                0x0000000000002678                _strnicmp
                0x00000000000026bc                CompareDirEntries
                0x000000000000273a                ChangeDirectory
                0x000000000000274e                GetFATLink
                0x00000000000027e0                ScanDirectory
                0x0000000000003c5c                FileOpen
                0x0000000000003e0c                FileNextSector
                0x0000000000003ebc                FileSeek
                0x0000000000003fce                FileRead
                0x0000000000004022                FileReadEx
                0x00000000000040b0                FileWrite
                0x0000000000004104                FileCreate
                0x0000000000004462                UpdateEntry
 *fill*         0x000000000000456a        0x2 00
 .text          0x000000000000456c      0xf88 BUILD/fdd.o
                0x000000000000456c                SendSector
                0x000000000000480e                SendGap
                0x0000000000004828                ReadTrack
                0x0000000000004b2a                FindSync
                0x0000000000004c22                GetHeader
                0x0000000000004ffa                GetData
                0x00000000000052c2                WriteTrack
                0x0000000000005416                UpdateDriveStatus
                0x0000000000005460                HandleFDD
 .text          0x00000000000054f4      0x8ae BUILD/fpga.o
                0x00000000000054f4                SendFile
                0x0000000000005646                SendFileEncrypted
                0x00000000000057da                BootPrint
                0x0000000000005976                PrepareBootUpload
                0x0000000000005adc                BootExit
                0x0000000000005c12                ClearMemory
                0x0000000000005d68                GetFPGAStatus
 *fill*         0x0000000000005da2        0x2 00
 .text          0x0000000000005da4       0x76 BUILD/hardware.o
                0x0000000000005da4                CheckButton
                0x0000000000005da8                GetTimer
                0x0000000000005db8                CheckTimer
                0x0000000000005dd2                WaitTimer
                0x0000000000005df6                ConfigFastRAM
                0x0000000000005e10                Reconfigure
 *fill*         0x0000000000005e1a        0x2 00
 .text          0x0000000000005e1c     0x1fac BUILD/hdd.o
                0x0000000000005e8e                IdentifyDevice
                0x00000000000060f0                chs2lba
                0x000000000000614a                WriteTaskFile
                0x00000000000061ec                WriteStatus
                0x0000000000006228                GetHardfileGeometry
                0x000000000000632c                BuildHardfileIndex
                0x0000000000006388                HardFileSeek
                0x0000000000006400                HandleHDD
                0x0000000000007a5e                OpenHardfile
                0x0000000000007cf6                GetHDFFileType
 .text          0x0000000000007dc8      0x1bc BUILD/main.o
                0x0000000000007dc8                FatalError
                0x0000000000007e28                HandleFpga
                0x0000000000007e92                c_entry
 .text          0x0000000000007f84     0x3a84 BUILD/menu.o
                0x0000000000007f84                _showdebugmessages
                0x0000000000007fda                SelectFile
                0x000000000000804a                ShowSplash
                0x00000000000080ec                HideSplash
                0x00000000000080f2                ScrollLongName
                0x000000000000818e                GetDiskInfo
                0x0000000000008274                PrintDirectory
                0x000000000000846a                _strncpy
                0x0000000000008492                InsertFloppy
                0x0000000000008616                ErrorMessage
                0x0000000000008742                InfoMessage
                0x000000000000881e                HandleUI
                0x000000000000b9be                DebugMessage
 .text          0x000000000000ba08      0xa0a BUILD/mmc.o
                0x000000000000ba08                MMC_CMD12
                0x000000000000badc                MMC_CRC
                0x000000000000bb0c                MMC_Command
                0x000000000000bbf0                MMC_Write
                0x000000000000bd22                MMC_ReadMultiple
                0x000000000000be8e                MMC_GetCSD
                0x000000000000bf5e                MMC_GetCapacity
                0x000000000000bff8                MMC_Read
                0x000000000000c14e                MMC_Init
 *fill*         0x000000000000c412        0x2 00
 .text          0x000000000000c414     0x1932 BUILD/osd.o
                0x000000000000c452                framebuffer_clear
                0x000000000000c478                framebuffer_plot
                0x000000000000c4a6                StarsInit
                0x000000000000c500                StarsUpdate
                0x000000000000c592                OsdSetTitle
                0x000000000000c6d2                OsdWriteOffset
                0x000000000000ce5c                OsdWrite
                0x000000000000ce80                OsdDrawLogo
                0x000000000000d31c                OsdWriteDoubleSize
                0x000000000000d652                OSD_PrintText
                0x000000000000d882                OsdClear
                0x000000000000d8b8                OsdWaitVBL
                0x000000000000d8ba                OsdEnable
                0x000000000000d8e0                OsdDisable
                0x000000000000d8fc                OsdReset
                0x000000000000d922                ConfigFilter
                0x000000000000d95a                ConfigMemory
                0x000000000000d9b4                ConfigCPU
                0x000000000000d9d6                ConfigChipset
                0x000000000000d9fc                ConfigFloppy
                0x000000000000da34                ConfigScanlines
                0x000000000000da5a                ConfigIDE
                0x000000000000daa6                ConfigAutofire
                0x000000000000dacc                GetASCIIKey
                0x000000000000dae6                OsdGetCtrl
                0x000000000000dc04                ScrollText
                0x000000000000dd2c                ScrollReset
 *fill*         0x000000000000dd46        0x2 00
 .text          0x000000000000dd48       0x78 BUILD/printf.o
                0x000000000000dd48                printf
                0x000000000000dd8a                putchar
                0x000000000000dd96                puts
                0x000000000000ddaa                tolower
 .text          0x000000000000ddc0       0x1c BUILD/swap.o
                0x000000000000ddc0                SwapBBBB
                0x000000000000ddcc                SwapBB
                0x000000000000ddd4                SwapWW
 .text          0x000000000000dddc      0xbea BUILD/config.o
                0x000000000000dddc                UploadKickstart
                0x000000000000dfa0                UploadActionReplay
                0x000000000000e018                SetConfigurationFilename
                0x000000000000e04e                ConfigurationExists
                0x000000000000e072                ApplyConfiguration
                0x000000000000e67e                LoadConfiguration
                0x000000000000e860                SaveConfiguration
 *fill*         0x000000000000e9c6        0x2 00
 .text          0x000000000000e9c8      0x170 BUILD/rafile.o
                0x000000000000e9c8                RARead
                0x000000000000ea9c                RASeek
                0x000000000000eb06                RAOpen
 .text          0x000000000000eb38       0x22 /opt/m68k/lib/gcc/m68k-elf/4.6.2/m68000/libgcc.a(_mulsi3.o)
                0x000000000000eb38                __mulsi3
 *fill*         0x000000000000eb5a        0x2 00
 .text          0x000000000000eb5c       0x5c /opt/m68k/lib/gcc/m68k-elf/4.6.2/m68000/libgcc.a(_udivsi3.o)
                0x000000000000eb5c                __udivsi3
 .text          0x000000000000ebb8       0x2e /opt/m68k/lib/gcc/m68k-elf/4.6.2/m68000/libgcc.a(_modsi3.o)
                0x000000000000ebb8                __modsi3
 *fill*         0x000000000000ebe6        0x2 00
 .text          0x000000000000ebe8       0x2e /opt/m68k/lib/gcc/m68k-elf/4.6.2/m68000/libgcc.a(_divsi3.o)
                0x000000000000ebe8                __divsi3
 *fill*         0x000000000000ec16        0x2 00
 .text          0x000000000000ec18      0x75e ./libc.a(vsnprintf.o)
                0x000000000000ec18                vsnprintf
 *fill*         0x000000000000f376        0x2 00
 .text          0x000000000000f378       0x22 ./libc.a(sprintf.o)
                0x000000000000f378                sprintf
 *fill*         0x000000000000f39a        0x2 00
 .text          0x000000000000f39c       0x20 ./libc.a(memcpy.o)
                0x000000000000f39c                memcpy
 .text          0x000000000000f3bc       0x2e ./libc.a(memcmp.o)
                0x000000000000f3bc                memcmp
 *fill*         0x000000000000f3ea        0x2 00
 .text          0x000000000000f3ec       0x12 ./libc.a(strcpy.o)
                0x000000000000f3ec                strcpy
 *fill*         0x000000000000f3fe        0x2 00
 .text          0x000000000000f400       0x26 ./libc.a(strcat.o)
                0x000000000000f400                strcat
 *fill*         0x000000000000f426        0x2 00
 .text          0x000000000000f428       0x38 ./libc.a(strncat.o)
                0x000000000000f428                strncat
 .text          0x000000000000f460       0x34 ./libc.a(strncmp.o)
                0x000000000000f460                strncmp
 .text          0x000000000000f494       0x14 ./libc.a(strlen.o)
                0x000000000000f494                strlen
 .text          0x000000000000f4a8       0x1e ./libc.a(memset.o)
                0x000000000000f4a8                memset
 *fill*         0x000000000000f4c6        0x2 00
 .text          0x000000000000f4c8       0x34 ./libc.a(strncpy.o)
                0x000000000000f4c8                strncpy
 .text          0x000000000000f4fc       0x22 ./libc.a(strchr.o)
                0x000000000000f4fc                strchr
 *fill*         0x000000000000f51e        0x2 00
 .text          0x000000000000f520      0x5b0 /opt/m68k/lib/gcc/m68k-elf/4.6.2/m68000/libgcc.a(_udivdi3.o)
                0x000000000000f520                __udivdi3
 .text          0x000000000000fad0      0x532 /opt/m68k/lib/gcc/m68k-elf/4.6.2/m68000/libgcc.a(_umoddi3.o)
                0x000000000000fad0                __umoddi3
 *fill*         0x0000000000010002        0x2 00
 .text          0x0000000000010004       0x2e /opt/m68k/lib/gcc/m68k-elf/4.6.2/m68000/libgcc.a(_umodsi3.o)
                0x0000000000010004                __umodsi3
 *fill*         0x0000000000010032        0x2 00
 .text          0x0000000000010034        0x0 /opt/m68k/lib/gcc/m68k-elf/4.6.2/m68000/libgcc.a(_clz.o)
 *(.rodata)
 .rodata        0x0000000000010034       0x10 BUILD/hdd.o
 .rodata        0x0000000000010044       0x13 BUILD/main.o
                0x0000000000010044                version
 .rodata        0x0000000000010057      0x4ef BUILD/osd.o
                0x0000000000010057                keycode_table
                0x00000000000100d7                logodata
 .rodata        0x0000000000010546        0x9 BUILD/config.o
 .rodata        0x000000000001054f       0x22 ./libc.a(vsnprintf.o)
 .rodata        0x0000000000010571      0x100 /opt/m68k/lib/gcc/m68k-elf/4.6.2/m68000/libgcc.a(_clz.o)
                0x0000000000010571                __clz_tab
 *(.rodata.*)
 .rodata.str1.1
                0x0000000000010671      0x3c0 BUILD/fat.o
                                        0x3c3 (size before relaxing)
 .rodata.str1.1
                0x0000000000010a31       0xe5 BUILD/fdd.o
 .rodata.str1.1
                0x0000000000010b16       0x20 BUILD/fpga.o
 .rodata.str1.1
                0x0000000000010b36      0x2b0 BUILD/hdd.o
                                        0x2c1 (size before relaxing)
 .rodata.str1.1
                0x0000000000010de6       0xc7 BUILD/main.o
 .rodata.str1.1
                0x0000000000010ead      0xe48 BUILD/menu.o
                                        0xf1d (size before relaxing)
 .rodata.str1.1
                0x0000000000011cf5      0x309 BUILD/mmc.o
 .rodata.str1.1
                0x0000000000011ffe       0x18 BUILD/osd.o
 .rodata.str1.1
                0x0000000000012016      0x559 BUILD/config.o
                                        0x575 (size before relaxing)
 .rodata.str1.1
                0x000000000001256f        0x7 ./libc.a(vsnprintf.o)
 *(.data)
 *fill*         0x0000000000012576        0x2 00
 .data          0x0000000000012578        0x0 BUILD/fat.o
 .data          0x0000000000012578        0x0 BUILD/fdd.o
 .data          0x0000000000012578        0x0 BUILD/fpga.o
 .data          0x0000000000012578        0x0 BUILD/hardware.o
 .data          0x0000000000012578        0x0 BUILD/hdd.o
 .data          0x0000000000012578        0x0 BUILD/main.o
 .data          0x0000000000012578       0xc6 BUILD/menu.o
                0x0000000000012578                helptexts
                0x0000000000012594                config_autofire_msg
                0x00000000000125a4                config_chipset_msg
                0x00000000000125b4                config_hdf_msg
                0x00000000000125d0                config_cpu_msg
                0x00000000000125e0                config_memory_fast_msg
                0x00000000000125f0                config_scanlines_msg
                0x00000000000125fc                config_on_off_msg
                0x0000000000012604                config_memory_slow_msg
                0x0000000000012614                config_memory_chip_msg
                0x0000000000012624                config_filter_msg
 *fill*         0x000000000001263e        0x2 00
 .data          0x0000000000012640        0x0 BUILD/mmc.o
 .data          0x0000000000012640      0x800 BUILD/osd.o
                0x0000000000012640                charfont
 .data          0x0000000000012e40        0x0 BUILD/printf.o
 .data          0x0000000000012e40        0x0 BUILD/swap.o
 .data          0x0000000000012e40        0x0 BUILD/config.o
 .data          0x0000000000012e40        0x0 BUILD/rafile.o
 .data          0x0000000000012e40        0x0 BUILD/startup.o
 .data          0x0000000000012e40        0x0 /opt/m68k/lib/gcc/m68k-elf/4.6.2/m68000/libgcc.a(_mulsi3.o)
 .data          0x0000000000012e40        0x0 /opt/m68k/lib/gcc/m68k-elf/4.6.2/m68000/libgcc.a(_udivsi3.o)
 .data          0x0000000000012e40        0x0 /opt/m68k/lib/gcc/m68k-elf/4.6.2/m68000/libgcc.a(_modsi3.o)
 .data          0x0000000000012e40        0x0 /opt/m68k/lib/gcc/m68k-elf/4.6.2/m68000/libgcc.a(_divsi3.o)
 .data          0x0000000000012e40        0x0 ./libc.a(vsnprintf.o)
 .data          0x0000000000012e40        0x0 ./libc.a(sprintf.o)
 .data          0x0000000000012e40        0x0 ./libc.a(memcpy.o)
 .data          0x0000000000012e40        0x0 ./libc.a(memcmp.o)
 .data          0x0000000000012e40        0x0 ./libc.a(strcpy.o)
 .data          0x0000000000012e40        0x0 ./libc.a(strcat.o)
 .data          0x0000000000012e40        0x0 ./libc.a(strncat.o)
 .data          0x0000000000012e40        0x0 ./libc.a(strncmp.o)
 .data          0x0000000000012e40        0x0 ./libc.a(strlen.o)
 .data          0x0000000000012e40        0x0 ./libc.a(memset.o)
 .data          0x0000000000012e40        0x0 ./libc.a(strncpy.o)
 .data          0x0000000000012e40        0x0 ./libc.a(strchr.o)
 .data          0x0000000000012e40        0x0 /opt/m68k/lib/gcc/m68k-elf/4.6.2/m68000/libgcc.a(_udivdi3.o)
 .data          0x0000000000012e40        0x0 /opt/m68k/lib/gcc/m68k-elf/4.6.2/m68000/libgcc.a(_umoddi3.o)
 .data          0x0000000000012e40        0x0 /opt/m68k/lib/gcc/m68k-elf/4.6.2/m68000/libgcc.a(_umodsi3.o)
 .data          0x0000000000012e40        0x0 /opt/m68k/lib/gcc/m68k-elf/4.6.2/m68000/libgcc.a(_clz.o)

.extra          0x0000000000012e40     0x68c0
                0x0000000000012e40                __s_bss = .
 *(.bss)
 .bss           0x0000000000012e40     0x19e1 BUILD/fat.o
                0x0000000000012e40                t_sort_table
                0x0000000000012e48                t_DirEntry
                0x0000000000012f48                t_DirEntryLFN
                0x0000000000013770                iPreviousDirectory
                0x0000000000013774                iCurrentDirectory
                0x0000000000013778                iSelectedEntry
                0x0000000000013779                nDirEntries
                0x000000000001377a                sort_table
                0x0000000000013782                DirEntry
                0x0000000000013882                DirEntryLFN
                0x00000000000140aa                buffered_fat_index
                0x00000000000140ae                fat_buffer
                0x00000000000142ae                partitioncount
                0x00000000000142b2                partitions
                0x00000000000142f2                sector_buffer
                0x00000000000146f2                fat_size
                0x00000000000146f6                dir_entries
                0x00000000000146f8                cluster_mask
                0x00000000000146fc                cluster_size
                0x00000000000146fd                fat_number
                0x00000000000146fe                root_directory_size
                0x0000000000014702                root_directory_start
                0x0000000000014706                root_directory_cluster
                0x000000000001470a                data_start
                0x000000000001470e                fat_start
                0x0000000000014712                boot_sector
                0x0000000000014716                fat32
                0x0000000000014717                fattype
                0x0000000000014718                entries_per_cluster
                0x000000000001471a                directory_cluster
 *fill*         0x0000000000014821        0x3 00
 .bss           0x0000000000014824      0xae6 BUILD/fdd.o
                0x0000000000014824                df
                0x0000000000015304                pdfx
                0x0000000000015308                drives
                0x0000000000015309                DEBUG
 *fill*         0x000000000001530a        0x2 00
 .bss           0x000000000001530c        0x0 BUILD/fpga.o
 .bss           0x000000000001530c        0x0 BUILD/hardware.o
 .bss           0x000000000001530c     0x23fa BUILD/hdd.o
                0x000000000001530c                rdbfile
                0x0000000000015436                debugmsg2
                0x000000000001545e                debugmsg
                0x0000000000015486                hdf
 *fill*         0x0000000000017706        0x2 00
 .bss           0x0000000000017708       0x29 BUILD/main.o
                0x0000000000017708                s
                0x0000000000017730                Error
 *fill*         0x0000000000017731        0x3 00
 .bss           0x0000000000017734      0x186 BUILD/menu.o
                0x0000000000017734                fs_MenuCancel
                0x0000000000017735                fs_MenuSelect
                0x0000000000017736                fs_Options
                0x0000000000017738                fs_pFileExt
                0x000000000001773c                config_autofire
                0x000000000001773d                DiskInfo
                0x0000000000017742                DirEntryInfo
                0x000000000001776a                menu_timer
                0x000000000001776e                menumask
                0x0000000000017772                menusub
                0x0000000000017773                parentstate
                0x0000000000017774                menustate
 *fill*         0x00000000000178ba        0x2 00
 .bss           0x00000000000178bc       0x17 BUILD/mmc.o
                0x00000000000178bc                CSDData
                0x00000000000178cc                CardType
                0x00000000000178cd                response
                0x00000000000178ce                timeout
                0x00000000000178d2                crc
 *fill*         0x00000000000178d3        0x1 00
 .bss           0x00000000000178d4      0xc5c BUILD/osd.o
                0x00000000000178d4                framebuffer
                0x00000000000180d4                stars
 .bss           0x0000000000018530      0x100 BUILD/printf.o
                0x0000000000018530                buf
 .bss           0x0000000000018630        0x0 BUILD/swap.o
 .bss           0x0000000000018630     0x10ce BUILD/config.o
                0x0000000000018630                romfile
                0x0000000000018962                romkey
                0x0000000000019562                DebugMode
                0x0000000000019563                configfilename
                0x0000000000019570                file
                0x000000000001969a                config
 *fill*         0x00000000000196fe        0x2 00
 .bss           0x0000000000019700        0x0 BUILD/rafile.o
 .bss           0x0000000000019700        0x0 BUILD/startup.o
 .bss           0x0000000000019700        0x0 /opt/m68k/lib/gcc/m68k-elf/4.6.2/m68000/libgcc.a(_mulsi3.o)
 .bss           0x0000000000019700        0x0 /opt/m68k/lib/gcc/m68k-elf/4.6.2/m68000/libgcc.a(_udivsi3.o)
 .bss           0x0000000000019700        0x0 /opt/m68k/lib/gcc/m68k-elf/4.6.2/m68000/libgcc.a(_modsi3.o)
 .bss           0x0000000000019700        0x0 /opt/m68k/lib/gcc/m68k-elf/4.6.2/m68000/libgcc.a(_divsi3.o)
 .bss           0x0000000000019700        0x0 ./libc.a(vsnprintf.o)
 .bss           0x0000000000019700        0x0 ./libc.a(sprintf.o)
 .bss           0x0000000000019700        0x0 ./libc.a(memcpy.o)
 .bss           0x0000000000019700        0x0 ./libc.a(memcmp.o)
 .bss           0x0000000000019700        0x0 ./libc.a(strcpy.o)
 .bss           0x0000000000019700        0x0 ./libc.a(strcat.o)
 .bss           0x0000000000019700        0x0 ./libc.a(strncat.o)
 .bss           0x0000000000019700        0x0 ./libc.a(strncmp.o)
 .bss           0x0000000000019700        0x0 ./libc.a(strlen.o)
 .bss           0x0000000000019700        0x0 ./libc.a(memset.o)
 .bss           0x0000000000019700        0x0 ./libc.a(strncpy.o)
 .bss           0x0000000000019700        0x0 ./libc.a(strchr.o)
 .bss           0x0000000000019700        0x0 /opt/m68k/lib/gcc/m68k-elf/4.6.2/m68000/libgcc.a(_udivdi3.o)
 .bss           0x0000000000019700        0x0 /opt/m68k/lib/gcc/m68k-elf/4.6.2/m68000/libgcc.a(_umoddi3.o)
 .bss           0x0000000000019700        0x0 /opt/m68k/lib/gcc/m68k-elf/4.6.2/m68000/libgcc.a(_umodsi3.o)
 .bss           0x0000000000019700        0x0 /opt/m68k/lib/gcc/m68k-elf/4.6.2/m68000/libgcc.a(_clz.o)
                0x0000000000019700                __e_bss = .

.eh_frame       0x0000000000019700      0x22c
 *(.eh_frame)
 .eh_frame      0x0000000000019700      0x128 /opt/m68k/lib/gcc/m68k-elf/4.6.2/m68000/libgcc.a(_udivdi3.o)
 .eh_frame      0x0000000000019828      0x104 /opt/m68k/lib/gcc/m68k-elf/4.6.2/m68000/libgcc.a(_umoddi3.o)
                                        0x11c (size before relaxing)
                0x000000000001992c                heap_low = .
                0x000000000001a92c                . = (. + 0x1000)
                0x000000000001a92c                heap_top = .
                0x0000000000001000                stack_top = 0x1000
OUTPUT(menu.elf elf32-m68k)

.comment        0x0000000000000000       0x11
 .comment       0x0000000000000000       0x11 BUILD/fat.o
                                         0x12 (size before relaxing)
 .comment       0x0000000000000000       0x12 BUILD/fdd.o
 .comment       0x0000000000000000       0x12 BUILD/fpga.o
 .comment       0x0000000000000000       0x12 BUILD/hardware.o
 .comment       0x0000000000000000       0x12 BUILD/hdd.o
 .comment       0x0000000000000000       0x12 BUILD/main.o
 .comment       0x0000000000000000       0x12 BUILD/menu.o
 .comment       0x0000000000000000       0x12 BUILD/mmc.o
 .comment       0x0000000000000000       0x12 BUILD/osd.o
 .comment       0x0000000000000000       0x12 BUILD/printf.o
 .comment       0x0000000000000000       0x12 BUILD/swap.o
 .comment       0x0000000000000000       0x12 BUILD/config.o
 .comment       0x0000000000000000       0x12 BUILD/rafile.o
 .comment       0x0000000000000000       0x12 ./libc.a(vsnprintf.o)
 .comment       0x0000000000000000       0x12 ./libc.a(sprintf.o)
 .comment       0x0000000000000000       0x12 ./libc.a(memcpy.o)
 .comment       0x0000000000000000       0x12 ./libc.a(memcmp.o)
 .comment       0x0000000000000000       0x12 ./libc.a(strcpy.o)
 .comment       0x0000000000000000       0x12 ./libc.a(strcat.o)
 .comment       0x0000000000000000       0x12 ./libc.a(strncat.o)
 .comment       0x0000000000000000       0x12 ./libc.a(strncmp.o)
 .comment       0x0000000000000000       0x12 ./libc.a(strlen.o)
 .comment       0x0000000000000000       0x12 ./libc.a(memset.o)
 .comment       0x0000000000000000       0x12 ./libc.a(strncpy.o)
 .comment       0x0000000000000000       0x12 ./libc.a(strchr.o)
 .comment       0x0000000000000000       0x12 /opt/m68k/lib/gcc/m68k-elf/4.6.2/m68000/libgcc.a(_udivdi3.o)
 .comment       0x0000000000000000       0x12 /opt/m68k/lib/gcc/m68k-elf/4.6.2/m68000/libgcc.a(_umoddi3.o)
 .comment       0x0000000000000000       0x12 /opt/m68k/lib/gcc/m68k-elf/4.6.2/m68000/libgcc.a(_clz.o)

.debug_line     0x0000000000000000      0x4c6
 .debug_line    0x0000000000000000       0x6c /opt/m68k/lib/gcc/m68k-elf/4.6.2/m68000/libgcc.a(_mulsi3.o)
 .debug_line    0x000000000000006c       0x85 /opt/m68k/lib/gcc/m68k-elf/4.6.2/m68000/libgcc.a(_udivsi3.o)
 .debug_line    0x00000000000000f1       0x70 /opt/m68k/lib/gcc/m68k-elf/4.6.2/m68000/libgcc.a(_modsi3.o)
 .debug_line    0x0000000000000161       0x74 /opt/m68k/lib/gcc/m68k-elf/4.6.2/m68000/libgcc.a(_divsi3.o)
 .debug_line    0x00000000000001d5      0x125 /opt/m68k/lib/gcc/m68k-elf/4.6.2/m68000/libgcc.a(_udivdi3.o)
 .debug_line    0x00000000000002fa      0x10b /opt/m68k/lib/gcc/m68k-elf/4.6.2/m68000/libgcc.a(_umoddi3.o)
 .debug_line    0x0000000000000405       0x70 /opt/m68k/lib/gcc/m68k-elf/4.6.2/m68000/libgcc.a(_umodsi3.o)
 .debug_line    0x0000000000000475       0x51 /opt/m68k/lib/gcc/m68k-elf/4.6.2/m68000/libgcc.a(_clz.o)

.debug_info     0x0000000000000000     0x1098
 .debug_info    0x0000000000000000       0x9f /opt/m68k/lib/gcc/m68k-elf/4.6.2/m68000/libgcc.a(_mulsi3.o)
 .debug_info    0x000000000000009f       0x9f /opt/m68k/lib/gcc/m68k-elf/4.6.2/m68000/libgcc.a(_udivsi3.o)
 .debug_info    0x000000000000013e       0x9f /opt/m68k/lib/gcc/m68k-elf/4.6.2/m68000/libgcc.a(_modsi3.o)
 .debug_info    0x00000000000001dd       0x9f /opt/m68k/lib/gcc/m68k-elf/4.6.2/m68000/libgcc.a(_divsi3.o)
 .debug_info    0x000000000000027c      0x654 /opt/m68k/lib/gcc/m68k-elf/4.6.2/m68000/libgcc.a(_udivdi3.o)
 .debug_info    0x00000000000008d0      0x660 /opt/m68k/lib/gcc/m68k-elf/4.6.2/m68000/libgcc.a(_umoddi3.o)
 .debug_info    0x0000000000000f30       0x9f /opt/m68k/lib/gcc/m68k-elf/4.6.2/m68000/libgcc.a(_umodsi3.o)
 .debug_info    0x0000000000000fcf       0xc9 /opt/m68k/lib/gcc/m68k-elf/4.6.2/m68000/libgcc.a(_clz.o)

.debug_abbrev   0x0000000000000000      0x3e9
 .debug_abbrev  0x0000000000000000       0x14 /opt/m68k/lib/gcc/m68k-elf/4.6.2/m68000/libgcc.a(_mulsi3.o)
 .debug_abbrev  0x0000000000000014       0x14 /opt/m68k/lib/gcc/m68k-elf/4.6.2/m68000/libgcc.a(_udivsi3.o)
 .debug_abbrev  0x0000000000000028       0x14 /opt/m68k/lib/gcc/m68k-elf/4.6.2/m68000/libgcc.a(_modsi3.o)
 .debug_abbrev  0x000000000000003c       0x14 /opt/m68k/lib/gcc/m68k-elf/4.6.2/m68000/libgcc.a(_divsi3.o)
 .debug_abbrev  0x0000000000000050      0x185 /opt/m68k/lib/gcc/m68k-elf/4.6.2/m68000/libgcc.a(_udivdi3.o)
 .debug_abbrev  0x00000000000001d5      0x19f /opt/m68k/lib/gcc/m68k-elf/4.6.2/m68000/libgcc.a(_umoddi3.o)
 .debug_abbrev  0x0000000000000374       0x14 /opt/m68k/lib/gcc/m68k-elf/4.6.2/m68000/libgcc.a(_umodsi3.o)
 .debug_abbrev  0x0000000000000388       0x61 /opt/m68k/lib/gcc/m68k-elf/4.6.2/m68000/libgcc.a(_clz.o)

.debug_aranges  0x0000000000000000       0xe0
 .debug_aranges
                0x0000000000000000       0x20 /opt/m68k/lib/gcc/m68k-elf/4.6.2/m68000/libgcc.a(_mulsi3.o)
 .debug_aranges
                0x0000000000000020       0x20 /opt/m68k/lib/gcc/m68k-elf/4.6.2/m68000/libgcc.a(_udivsi3.o)
 .debug_aranges
                0x0000000000000040       0x20 /opt/m68k/lib/gcc/m68k-elf/4.6.2/m68000/libgcc.a(_modsi3.o)
 .debug_aranges
                0x0000000000000060       0x20 /opt/m68k/lib/gcc/m68k-elf/4.6.2/m68000/libgcc.a(_divsi3.o)
 .debug_aranges
                0x0000000000000080       0x20 /opt/m68k/lib/gcc/m68k-elf/4.6.2/m68000/libgcc.a(_udivdi3.o)
 .debug_aranges
                0x00000000000000a0       0x20 /opt/m68k/lib/gcc/m68k-elf/4.6.2/m68000/libgcc.a(_umoddi3.o)
 .debug_aranges
                0x00000000000000c0       0x20 /opt/m68k/lib/gcc/m68k-elf/4.6.2/m68000/libgcc.a(_umodsi3.o)

.debug_loc      0x0000000000000000     0x160d
 .debug_loc     0x0000000000000000      0xbd7 /opt/m68k/lib/gcc/m68k-elf/4.6.2/m68000/libgcc.a(_udivdi3.o)
 .debug_loc     0x0000000000000bd7      0xa36 /opt/m68k/lib/gcc/m68k-elf/4.6.2/m68000/libgcc.a(_umoddi3.o)

.debug_ranges   0x0000000000000000      0x298
 .debug_ranges  0x0000000000000000      0x178 /opt/m68k/lib/gcc/m68k-elf/4.6.2/m68000/libgcc.a(_udivdi3.o)
 .debug_ranges  0x0000000000000178      0x120 /opt/m68k/lib/gcc/m68k-elf/4.6.2/m68000/libgcc.a(_umoddi3.o)

.debug_str      0x0000000000000000      0x174
 .debug_str     0x0000000000000000      0x16a /opt/m68k/lib/gcc/m68k-elf/4.6.2/m68000/libgcc.a(_udivdi3.o)
                                        0x1c5 (size before relaxing)
 .debug_str     0x000000000000016a        0xa /opt/m68k/lib/gcc/m68k-elf/4.6.2/m68000/libgcc.a(_umoddi3.o)
                                        0x1c5 (size before relaxing)
 .debug_str     0x0000000000000000      0x157 /opt/m68k/lib/gcc/m68k-elf/4.6.2/m68000/libgcc.a(_clz.o)
