Archive member included because of file (symbol)

/opt/m68k/lib/gcc/m68k-elf/4.6.2/m68000/libgcc.a(_mulsi3.o)
                              BUILD/fat.o (__mulsi3)
/opt/m68k/lib/gcc/m68k-elf/4.6.2/m68000/libgcc.a(_udivsi3.o)
                              BUILD/fat.o (__udivsi3)
/opt/m68k/lib/gcc/m68k-elf/4.6.2/m68000/libgcc.a(_modsi3.o)
                              BUILD/menu.o (__modsi3)
/opt/m68k/lib/gcc/m68k-elf/4.6.2/m68000/libgcc.a(_divsi3.o)
                              /opt/m68k/lib/gcc/m68k-elf/4.6.2/m68000/libgcc.a(_modsi3.o) (__divsi3)
./libc.a(vsnprintf.o)         BUILD/printf.o (vsnprintf)
./libc.a(sprintf.o)           BUILD/fat.o (sprintf)
./libc.a(memcpy.o)            BUILD/fat.o (memcpy)
./libc.a(memcmp.o)            BUILD/menu.o (memcmp)
./libc.a(strcpy.o)            BUILD/fat.o (strcpy)
./libc.a(strcat.o)            BUILD/menu.o (strcat)
./libc.a(strncat.o)           BUILD/menu.o (strncat)
./libc.a(strncmp.o)           BUILD/fat.o (strncmp)
./libc.a(strlen.o)            BUILD/menu.o (strlen)
./libc.a(memset.o)            BUILD/fat.o (memset)
./libc.a(strncpy.o)           BUILD/fat.o (strncpy)
./libc.a(strchr.o)            ./libc.a(strcat.o) (strchr)
/opt/m68k/lib/gcc/m68k-elf/4.6.2/m68000/libgcc.a(_udivdi3.o)
                              ./libc.a(vsnprintf.o) (__udivdi3)
/opt/m68k/lib/gcc/m68k-elf/4.6.2/m68000/libgcc.a(_umoddi3.o)
                              ./libc.a(vsnprintf.o) (__umoddi3)
/opt/m68k/lib/gcc/m68k-elf/4.6.2/m68000/libgcc.a(_umodsi3.o)
                              /opt/m68k/lib/gcc/m68k-elf/4.6.2/m68000/libgcc.a(_udivdi3.o) (__umodsi3)
/opt/m68k/lib/gcc/m68k-elf/4.6.2/m68000/libgcc.a(_clz.o)
                              /opt/m68k/lib/gcc/m68k-elf/4.6.2/m68000/libgcc.a(_udivdi3.o) (__clz_tab)

Memory Configuration

Name             Origin             Length             Attributes
*default*        0x0000000000000000 0xffffffffffffffff

Linker script and memory map

LOAD BUILD/fat.o
LOAD BUILD/fdd.o
LOAD BUILD/fpga.o
LOAD BUILD/hardware.o
LOAD BUILD/hdd.o
LOAD BUILD/main.o
LOAD BUILD/menu.o
LOAD BUILD/mmc.o
LOAD BUILD/osd.o
LOAD BUILD/printf.o
LOAD BUILD/swap.o
LOAD BUILD/config.o
LOAD BUILD/rafile.o
LOAD BUILD/startup.o
LOAD /opt/m68k/lib/gcc/m68k-elf/4.6.2/m68000/libgcc.a
LOAD ./libc.a
LOAD /opt/m68k/lib/gcc/m68k-elf/4.6.2/m68000/libgcc.a
                0x0000000000002000                . = 0x2000

.code           0x0000000000002000    0x10c90
 BUILD/startup.o(.text)
 .text          0x0000000000002000       0x20 BUILD/startup.o
 *(.text)
 .text          0x0000000000002020     0x254a BUILD/fat.o
                0x0000000000002020                SwapEndianL
                0x0000000000002052                SwapPartitionBytes
                0x0000000000002084                bprintfl
                0x00000000000020b2                FindDrive
                0x000000000000265a                lfn_checksum
                0x0000000000002678                _strnicmp
                0x00000000000026bc                CompareDirEntries
                0x000000000000273a                ChangeDirectory
                0x000000000000274e                GetFATLink
                0x00000000000027e0                ScanDirectory
                0x0000000000003c5c                FileOpen
                0x0000000000003e0c                FileNextSector
                0x0000000000003ebc                FileSeek
                0x0000000000003fce                FileRead
                0x0000000000004022                FileReadEx
                0x00000000000040b0                FileWrite
                0x0000000000004104                FileCreate
                0x0000000000004462                UpdateEntry
 *fill*         0x000000000000456a        0x2 00
 .text          0x000000000000456c      0xf88 BUILD/fdd.o
                0x000000000000456c                SendSector
                0x000000000000480e                SendGap
                0x0000000000004828                ReadTrack
                0x0000000000004b2a                FindSync
                0x0000000000004c22                GetHeader
                0x0000000000004ffa                GetData
                0x00000000000052c2                WriteTrack
                0x0000000000005416                UpdateDriveStatus
                0x0000000000005460                HandleFDD
 .text          0x00000000000054f4      0x8ae BUILD/fpga.o
                0x00000000000054f4                SendFile
                0x0000000000005646                SendFileEncrypted
                0x00000000000057da                BootPrint
                0x0000000000005976                PrepareBootUpload
                0x0000000000005adc                BootExit
                0x0000000000005c12                ClearMemory
                0x0000000000005d68                GetFPGAStatus
 *fill*         0x0000000000005da2        0x2 00
 .text          0x0000000000005da4       0x52 BUILD/hardware.o
                0x0000000000005da4                CheckButton
                0x0000000000005da8                GetTimer
                0x0000000000005db8                CheckTimer
                0x0000000000005dd2                WaitTimer
 *fill*         0x0000000000005df6        0x2 00
 .text          0x0000000000005df8     0x1fac BUILD/hdd.o
                0x0000000000005e6a                IdentifyDevice
                0x00000000000060cc                chs2lba
                0x0000000000006126                WriteTaskFile
                0x00000000000061c8                WriteStatus
                0x0000000000006204                GetHardfileGeometry
                0x0000000000006308                BuildHardfileIndex
                0x0000000000006364                HardFileSeek
                0x00000000000063dc                HandleHDD
                0x0000000000007a3a                OpenHardfile
                0x0000000000007cd2                GetHDFFileType
 .text          0x0000000000007da4      0x1bc BUILD/main.o
                0x0000000000007da4                FatalError
                0x0000000000007e04                HandleFpga
                0x0000000000007e6e                c_entry
 .text          0x0000000000007f60     0x3900 BUILD/menu.o
                0x0000000000007f60                _showdebugmessages
                0x0000000000007fb6                SelectFile
                0x0000000000008026                ShowSplash
                0x00000000000080c8                HideSplash
                0x00000000000080ce                ScrollLongName
                0x000000000000816a                GetDiskInfo
                0x0000000000008250                PrintDirectory
                0x0000000000008446                _strncpy
                0x000000000000846e                InsertFloppy
                0x00000000000085f2                ErrorMessage
                0x000000000000871e                InfoMessage
                0x00000000000087fa                HandleUI
                0x000000000000b816                DebugMessage
 .text          0x000000000000b860      0xa22 BUILD/mmc.o
                0x000000000000b860                MMC_CMD12
                0x000000000000b934                MMC_CRC
                0x000000000000b964                MMC_Command
                0x000000000000ba48                MMC_Write
                0x000000000000bb7a                MMC_ReadMultiple
                0x000000000000bce6                MMC_GetCSD
                0x000000000000bdb6                MMC_GetCapacity
                0x000000000000be50                MMC_Read
                0x000000000000bfbe                MMC_Init
 *fill*         0x000000000000c282        0x2 00
 .text          0x000000000000c284     0x194e BUILD/osd.o
                0x000000000000c2c2                framebuffer_clear
                0x000000000000c2e8                framebuffer_plot
                0x000000000000c316                StarsInit
                0x000000000000c370                StarsUpdate
                0x000000000000c402                OsdSetTitle
                0x000000000000c542                OsdWriteOffset
                0x000000000000cccc                OsdWrite
                0x000000000000ccf0                OsdDrawLogo
                0x000000000000d18c                OsdWriteDoubleSize
                0x000000000000d4c2                OSD_PrintText
                0x000000000000d6f2                OsdClear
                0x000000000000d728                OsdWaitVBL
                0x000000000000d72a                OsdEnable
                0x000000000000d750                OsdDisable
                0x000000000000d76c                OsdReset
                0x000000000000d792                OsdReconfig
                0x000000000000d7ae                ConfigFilter
                0x000000000000d7e6                ConfigMemory
                0x000000000000d840                ConfigCPU
                0x000000000000d862                ConfigChipset
                0x000000000000d888                ConfigFloppy
                0x000000000000d8c0                ConfigScanlines
                0x000000000000d8e6                ConfigIDE
                0x000000000000d932                ConfigAutofire
                0x000000000000d958                GetASCIIKey
                0x000000000000d972                OsdGetCtrl
                0x000000000000da90                ScrollText
                0x000000000000dbb8                ScrollReset
 *fill*         0x000000000000dbd2        0x2 00
 .text          0x000000000000dbd4       0x78 BUILD/printf.o
                0x000000000000dbd4                printf
                0x000000000000dc16                putchar
                0x000000000000dc22                puts
                0x000000000000dc36                tolower
 .text          0x000000000000dc4c       0x1c BUILD/swap.o
                0x000000000000dc4c                SwapBBBB
                0x000000000000dc58                SwapBB
                0x000000000000dc60                SwapWW
 .text          0x000000000000dc68      0xbda BUILD/config.o
                0x000000000000dc68                UploadKickstart
                0x000000000000de2c                UploadActionReplay
                0x000000000000dea4                SetConfigurationFilename
                0x000000000000deda                ConfigurationExists
                0x000000000000defe                ApplyConfiguration
                0x000000000000e4fa                LoadConfiguration
                0x000000000000e6dc                SaveConfiguration
 *fill*         0x000000000000e842        0x2 00
 .text          0x000000000000e844      0x170 BUILD/rafile.o
                0x000000000000e844                RARead
                0x000000000000e918                RASeek
                0x000000000000e982                RAOpen
 .text          0x000000000000e9b4       0x22 /opt/m68k/lib/gcc/m68k-elf/4.6.2/m68000/libgcc.a(_mulsi3.o)
                0x000000000000e9b4                __mulsi3
 *fill*         0x000000000000e9d6        0x2 00
 .text          0x000000000000e9d8       0x5c /opt/m68k/lib/gcc/m68k-elf/4.6.2/m68000/libgcc.a(_udivsi3.o)
                0x000000000000e9d8                __udivsi3
 .text          0x000000000000ea34       0x2e /opt/m68k/lib/gcc/m68k-elf/4.6.2/m68000/libgcc.a(_modsi3.o)
                0x000000000000ea34                __modsi3
 *fill*         0x000000000000ea62        0x2 00
 .text          0x000000000000ea64       0x2e /opt/m68k/lib/gcc/m68k-elf/4.6.2/m68000/libgcc.a(_divsi3.o)
                0x000000000000ea64                __divsi3
 *fill*         0x000000000000ea92        0x2 00
 .text          0x000000000000ea94      0x75e ./libc.a(vsnprintf.o)
                0x000000000000ea94                vsnprintf
 *fill*         0x000000000000f1f2        0x2 00
 .text          0x000000000000f1f4       0x22 ./libc.a(sprintf.o)
                0x000000000000f1f4                sprintf
 *fill*         0x000000000000f216        0x2 00
 .text          0x000000000000f218       0x20 ./libc.a(memcpy.o)
                0x000000000000f218                memcpy
 .text          0x000000000000f238       0x2e ./libc.a(memcmp.o)
                0x000000000000f238                memcmp
 *fill*         0x000000000000f266        0x2 00
 .text          0x000000000000f268       0x12 ./libc.a(strcpy.o)
                0x000000000000f268                strcpy
 *fill*         0x000000000000f27a        0x2 00
 .text          0x000000000000f27c       0x26 ./libc.a(strcat.o)
                0x000000000000f27c                strcat
 *fill*         0x000000000000f2a2        0x2 00
 .text          0x000000000000f2a4       0x38 ./libc.a(strncat.o)
                0x000000000000f2a4                strncat
 .text          0x000000000000f2dc       0x34 ./libc.a(strncmp.o)
                0x000000000000f2dc                strncmp
 .text          0x000000000000f310       0x14 ./libc.a(strlen.o)
                0x000000000000f310                strlen
 .text          0x000000000000f324       0x1e ./libc.a(memset.o)
                0x000000000000f324                memset
 *fill*         0x000000000000f342        0x2 00
 .text          0x000000000000f344       0x34 ./libc.a(strncpy.o)
                0x000000000000f344                strncpy
 .text          0x000000000000f378       0x22 ./libc.a(strchr.o)
                0x000000000000f378                strchr
 *fill*         0x000000000000f39a        0x2 00
 .text          0x000000000000f39c      0x5b0 /opt/m68k/lib/gcc/m68k-elf/4.6.2/m68000/libgcc.a(_udivdi3.o)
                0x000000000000f39c                __udivdi3
 .text          0x000000000000f94c      0x532 /opt/m68k/lib/gcc/m68k-elf/4.6.2/m68000/libgcc.a(_umoddi3.o)
                0x000000000000f94c                __umoddi3
 *fill*         0x000000000000fe7e        0x2 00
 .text          0x000000000000fe80       0x2e /opt/m68k/lib/gcc/m68k-elf/4.6.2/m68000/libgcc.a(_umodsi3.o)
                0x000000000000fe80                __umodsi3
 *fill*         0x000000000000feae        0x2 00
 .text          0x000000000000feb0        0x0 /opt/m68k/lib/gcc/m68k-elf/4.6.2/m68000/libgcc.a(_clz.o)
 *(.rodata)
 .rodata        0x000000000000feb0       0x10 BUILD/hdd.o
 .rodata        0x000000000000fec0       0x13 BUILD/main.o
                0x000000000000fec0                version
 .rodata        0x000000000000fed3      0x4ef BUILD/osd.o
                0x000000000000fed3                keycode_table
                0x000000000000ff53                logodata
 .rodata        0x00000000000103c2        0x9 BUILD/config.o
 .rodata        0x00000000000103cb       0x22 ./libc.a(vsnprintf.o)
 .rodata        0x00000000000103ed      0x100 /opt/m68k/lib/gcc/m68k-elf/4.6.2/m68000/libgcc.a(_clz.o)
                0x00000000000103ed                __clz_tab
 *(.rodata.*)
 .rodata.str1.1
                0x00000000000104ed      0x3c0 BUILD/fat.o
                                        0x3c3 (size before relaxing)
 .rodata.str1.1
                0x00000000000108ad       0xe5 BUILD/fdd.o
 .rodata.str1.1
                0x0000000000010992       0x20 BUILD/fpga.o
 .rodata.str1.1
                0x00000000000109b2      0x2b0 BUILD/hdd.o
                                        0x2c1 (size before relaxing)
 .rodata.str1.1
                0x0000000000010c62       0xc7 BUILD/main.o
 .rodata.str1.1
                0x0000000000010d29      0xdf0 BUILD/menu.o
                                        0xec5 (size before relaxing)
 .rodata.str1.1
                0x0000000000011b19      0x335 BUILD/mmc.o
 .rodata.str1.1
                0x0000000000011e4e       0x18 BUILD/osd.o
 .rodata.str1.1
                0x0000000000011e66      0x562 BUILD/config.o
                                        0x575 (size before relaxing)
 .rodata.str1.1
                0x00000000000123c8        0x7 ./libc.a(vsnprintf.o)
 *(.data)
 *fill*         0x00000000000123cf        0x1 00
 .data          0x00000000000123d0        0x0 BUILD/fat.o
 .data          0x00000000000123d0        0x0 BUILD/fdd.o
 .data          0x00000000000123d0        0x0 BUILD/fpga.o
 .data          0x00000000000123d0        0x0 BUILD/hardware.o
 .data          0x00000000000123d0        0x0 BUILD/hdd.o
 .data          0x00000000000123d0        0x0 BUILD/main.o
 .data          0x00000000000123d0       0xbe BUILD/menu.o
                0x00000000000123d0                helptexts
                0x00000000000123ec                config_autofire_msg
                0x00000000000123fc                config_chipset_msg
                0x000000000001240c                config_hdf_msg
                0x0000000000012428                config_cpu_msg
                0x0000000000012438                config_memory_fast_msg
                0x0000000000012448                config_scanlines_msg
                0x0000000000012454                config_memory_slow_msg
                0x0000000000012464                config_memory_chip_msg
                0x0000000000012474                config_filter_msg
 *fill*         0x000000000001248e        0x2 00
 .data          0x0000000000012490        0x0 BUILD/mmc.o
 .data          0x0000000000012490      0x800 BUILD/osd.o
                0x0000000000012490                charfont
 .data          0x0000000000012c90        0x0 BUILD/printf.o
 .data          0x0000000000012c90        0x0 BUILD/swap.o
 .data          0x0000000000012c90        0x0 BUILD/config.o
 .data          0x0000000000012c90        0x0 BUILD/rafile.o
 .data          0x0000000000012c90        0x0 BUILD/startup.o
 .data          0x0000000000012c90        0x0 /opt/m68k/lib/gcc/m68k-elf/4.6.2/m68000/libgcc.a(_mulsi3.o)
 .data          0x0000000000012c90        0x0 /opt/m68k/lib/gcc/m68k-elf/4.6.2/m68000/libgcc.a(_udivsi3.o)
 .data          0x0000000000012c90        0x0 /opt/m68k/lib/gcc/m68k-elf/4.6.2/m68000/libgcc.a(_modsi3.o)
 .data          0x0000000000012c90        0x0 /opt/m68k/lib/gcc/m68k-elf/4.6.2/m68000/libgcc.a(_divsi3.o)
 .data          0x0000000000012c90        0x0 ./libc.a(vsnprintf.o)
 .data          0x0000000000012c90        0x0 ./libc.a(sprintf.o)
 .data          0x0000000000012c90        0x0 ./libc.a(memcpy.o)
 .data          0x0000000000012c90        0x0 ./libc.a(memcmp.o)
 .data          0x0000000000012c90        0x0 ./libc.a(strcpy.o)
 .data          0x0000000000012c90        0x0 ./libc.a(strcat.o)
 .data          0x0000000000012c90        0x0 ./libc.a(strncat.o)
 .data          0x0000000000012c90        0x0 ./libc.a(strncmp.o)
 .data          0x0000000000012c90        0x0 ./libc.a(strlen.o)
 .data          0x0000000000012c90        0x0 ./libc.a(memset.o)
 .data          0x0000000000012c90        0x0 ./libc.a(strncpy.o)
 .data          0x0000000000012c90        0x0 ./libc.a(strchr.o)
 .data          0x0000000000012c90        0x0 /opt/m68k/lib/gcc/m68k-elf/4.6.2/m68000/libgcc.a(_udivdi3.o)
 .data          0x0000000000012c90        0x0 /opt/m68k/lib/gcc/m68k-elf/4.6.2/m68000/libgcc.a(_umoddi3.o)
 .data          0x0000000000012c90        0x0 /opt/m68k/lib/gcc/m68k-elf/4.6.2/m68000/libgcc.a(_umodsi3.o)
 .data          0x0000000000012c90        0x0 /opt/m68k/lib/gcc/m68k-elf/4.6.2/m68000/libgcc.a(_clz.o)

.extra          0x0000000000012c90     0x68c0
                0x0000000000012c90                __s_bss = .
 *(.bss)
 .bss           0x0000000000012c90     0x19e1 BUILD/fat.o
                0x0000000000012c90                t_sort_table
                0x0000000000012c98                t_DirEntry
                0x0000000000012d98                t_DirEntryLFN
                0x00000000000135c0                iPreviousDirectory
                0x00000000000135c4                iCurrentDirectory
                0x00000000000135c8                iSelectedEntry
                0x00000000000135c9                nDirEntries
                0x00000000000135ca                sort_table
                0x00000000000135d2                DirEntry
                0x00000000000136d2                DirEntryLFN
                0x0000000000013efa                buffered_fat_index
                0x0000000000013efe                fat_buffer
                0x00000000000140fe                partitioncount
                0x0000000000014102                partitions
                0x0000000000014142                sector_buffer
                0x0000000000014542                fat_size
                0x0000000000014546                dir_entries
                0x0000000000014548                cluster_mask
                0x000000000001454c                cluster_size
                0x000000000001454d                fat_number
                0x000000000001454e                root_directory_size
                0x0000000000014552                root_directory_start
                0x0000000000014556                root_directory_cluster
                0x000000000001455a                data_start
                0x000000000001455e                fat_start
                0x0000000000014562                boot_sector
                0x0000000000014566                fat32
                0x0000000000014567                fattype
                0x0000000000014568                entries_per_cluster
                0x000000000001456a                directory_cluster
 *fill*         0x0000000000014671        0x3 00
 .bss           0x0000000000014674      0xae6 BUILD/fdd.o
                0x0000000000014674                df
                0x0000000000015154                pdfx
                0x0000000000015158                drives
                0x0000000000015159                DEBUG
 *fill*         0x000000000001515a        0x2 00
 .bss           0x000000000001515c        0x0 BUILD/fpga.o
 .bss           0x000000000001515c        0x0 BUILD/hardware.o
 .bss           0x000000000001515c     0x23fa BUILD/hdd.o
                0x000000000001515c                rdbfile
                0x0000000000015286                debugmsg2
                0x00000000000152ae                debugmsg
                0x00000000000152d6                hdf
 *fill*         0x0000000000017556        0x2 00
 .bss           0x0000000000017558       0x29 BUILD/main.o
                0x0000000000017558                s
                0x0000000000017580                Error
 *fill*         0x0000000000017581        0x3 00
 .bss           0x0000000000017584      0x186 BUILD/menu.o
                0x0000000000017584                fs_MenuCancel
                0x0000000000017585                fs_MenuSelect
                0x0000000000017586                fs_Options
                0x0000000000017588                fs_pFileExt
                0x000000000001758c                config_autofire
                0x000000000001758d                DiskInfo
                0x0000000000017592                DirEntryInfo
                0x00000000000175ba                menu_timer
                0x00000000000175be                menumask
                0x00000000000175c2                menusub
                0x00000000000175c3                parentstate
                0x00000000000175c4                menustate
 *fill*         0x000000000001770a        0x2 00
 .bss           0x000000000001770c       0x17 BUILD/mmc.o
                0x000000000001770c                CSDData
                0x000000000001771c                CardType
                0x000000000001771d                response
                0x000000000001771e                timeout
                0x0000000000017722                crc
 *fill*         0x0000000000017723        0x1 00
 .bss           0x0000000000017724      0xc5c BUILD/osd.o
                0x0000000000017724                framebuffer
                0x0000000000017f24                stars
 .bss           0x0000000000018380      0x100 BUILD/printf.o
                0x0000000000018380                buf
 .bss           0x0000000000018480        0x0 BUILD/swap.o
 .bss           0x0000000000018480     0x10ce BUILD/config.o
                0x0000000000018480                romfile
                0x00000000000187b2                romkey
                0x00000000000193b2                DebugMode
                0x00000000000193b3                configfilename
                0x00000000000193c0                file
                0x00000000000194ea                config
 *fill*         0x000000000001954e        0x2 00
 .bss           0x0000000000019550        0x0 BUILD/rafile.o
 .bss           0x0000000000019550        0x0 BUILD/startup.o
 .bss           0x0000000000019550        0x0 /opt/m68k/lib/gcc/m68k-elf/4.6.2/m68000/libgcc.a(_mulsi3.o)
 .bss           0x0000000000019550        0x0 /opt/m68k/lib/gcc/m68k-elf/4.6.2/m68000/libgcc.a(_udivsi3.o)
 .bss           0x0000000000019550        0x0 /opt/m68k/lib/gcc/m68k-elf/4.6.2/m68000/libgcc.a(_modsi3.o)
 .bss           0x0000000000019550        0x0 /opt/m68k/lib/gcc/m68k-elf/4.6.2/m68000/libgcc.a(_divsi3.o)
 .bss           0x0000000000019550        0x0 ./libc.a(vsnprintf.o)
 .bss           0x0000000000019550        0x0 ./libc.a(sprintf.o)
 .bss           0x0000000000019550        0x0 ./libc.a(memcpy.o)
 .bss           0x0000000000019550        0x0 ./libc.a(memcmp.o)
 .bss           0x0000000000019550        0x0 ./libc.a(strcpy.o)
 .bss           0x0000000000019550        0x0 ./libc.a(strcat.o)
 .bss           0x0000000000019550        0x0 ./libc.a(strncat.o)
 .bss           0x0000000000019550        0x0 ./libc.a(strncmp.o)
 .bss           0x0000000000019550        0x0 ./libc.a(strlen.o)
 .bss           0x0000000000019550        0x0 ./libc.a(memset.o)
 .bss           0x0000000000019550        0x0 ./libc.a(strncpy.o)
 .bss           0x0000000000019550        0x0 ./libc.a(strchr.o)
 .bss           0x0000000000019550        0x0 /opt/m68k/lib/gcc/m68k-elf/4.6.2/m68000/libgcc.a(_udivdi3.o)
 .bss           0x0000000000019550        0x0 /opt/m68k/lib/gcc/m68k-elf/4.6.2/m68000/libgcc.a(_umoddi3.o)
 .bss           0x0000000000019550        0x0 /opt/m68k/lib/gcc/m68k-elf/4.6.2/m68000/libgcc.a(_umodsi3.o)
 .bss           0x0000000000019550        0x0 /opt/m68k/lib/gcc/m68k-elf/4.6.2/m68000/libgcc.a(_clz.o)
                0x0000000000019550                __e_bss = .

.eh_frame       0x0000000000019550      0x22c
 *(.eh_frame)
 .eh_frame      0x0000000000019550      0x128 /opt/m68k/lib/gcc/m68k-elf/4.6.2/m68000/libgcc.a(_udivdi3.o)
 .eh_frame      0x0000000000019678      0x104 /opt/m68k/lib/gcc/m68k-elf/4.6.2/m68000/libgcc.a(_umoddi3.o)
                                        0x11c (size before relaxing)
                0x000000000001977c                heap_low = .
                0x000000000001a77c                . = (. + 0x1000)
                0x000000000001a77c                heap_top = .
                0x0000000000001000                stack_top = 0x1000
OUTPUT(menu.elf elf32-m68k)

.comment        0x0000000000000000       0x11
 .comment       0x0000000000000000       0x11 BUILD/fat.o
                                         0x12 (size before relaxing)
 .comment       0x0000000000000000       0x12 BUILD/fdd.o
 .comment       0x0000000000000000       0x12 BUILD/fpga.o
 .comment       0x0000000000000000       0x12 BUILD/hardware.o
 .comment       0x0000000000000000       0x12 BUILD/hdd.o
 .comment       0x0000000000000000       0x12 BUILD/main.o
 .comment       0x0000000000000000       0x12 BUILD/menu.o
 .comment       0x0000000000000000       0x12 BUILD/mmc.o
 .comment       0x0000000000000000       0x12 BUILD/osd.o
 .comment       0x0000000000000000       0x12 BUILD/printf.o
 .comment       0x0000000000000000       0x12 BUILD/swap.o
 .comment       0x0000000000000000       0x12 BUILD/config.o
 .comment       0x0000000000000000       0x12 BUILD/rafile.o
 .comment       0x0000000000000000       0x12 ./libc.a(vsnprintf.o)
 .comment       0x0000000000000000       0x12 ./libc.a(sprintf.o)
 .comment       0x0000000000000000       0x12 ./libc.a(memcpy.o)
 .comment       0x0000000000000000       0x12 ./libc.a(memcmp.o)
 .comment       0x0000000000000000       0x12 ./libc.a(strcpy.o)
 .comment       0x0000000000000000       0x12 ./libc.a(strcat.o)
 .comment       0x0000000000000000       0x12 ./libc.a(strncat.o)
 .comment       0x0000000000000000       0x12 ./libc.a(strncmp.o)
 .comment       0x0000000000000000       0x12 ./libc.a(strlen.o)
 .comment       0x0000000000000000       0x12 ./libc.a(memset.o)
 .comment       0x0000000000000000       0x12 ./libc.a(strncpy.o)
 .comment       0x0000000000000000       0x12 ./libc.a(strchr.o)
 .comment       0x0000000000000000       0x12 /opt/m68k/lib/gcc/m68k-elf/4.6.2/m68000/libgcc.a(_udivdi3.o)
 .comment       0x0000000000000000       0x12 /opt/m68k/lib/gcc/m68k-elf/4.6.2/m68000/libgcc.a(_umoddi3.o)
 .comment       0x0000000000000000       0x12 /opt/m68k/lib/gcc/m68k-elf/4.6.2/m68000/libgcc.a(_clz.o)

.debug_line     0x0000000000000000      0x4c6
 .debug_line    0x0000000000000000       0x6c /opt/m68k/lib/gcc/m68k-elf/4.6.2/m68000/libgcc.a(_mulsi3.o)
 .debug_line    0x000000000000006c       0x85 /opt/m68k/lib/gcc/m68k-elf/4.6.2/m68000/libgcc.a(_udivsi3.o)
 .debug_line    0x00000000000000f1       0x70 /opt/m68k/lib/gcc/m68k-elf/4.6.2/m68000/libgcc.a(_modsi3.o)
 .debug_line    0x0000000000000161       0x74 /opt/m68k/lib/gcc/m68k-elf/4.6.2/m68000/libgcc.a(_divsi3.o)
 .debug_line    0x00000000000001d5      0x125 /opt/m68k/lib/gcc/m68k-elf/4.6.2/m68000/libgcc.a(_udivdi3.o)
 .debug_line    0x00000000000002fa      0x10b /opt/m68k/lib/gcc/m68k-elf/4.6.2/m68000/libgcc.a(_umoddi3.o)
 .debug_line    0x0000000000000405       0x70 /opt/m68k/lib/gcc/m68k-elf/4.6.2/m68000/libgcc.a(_umodsi3.o)
 .debug_line    0x0000000000000475       0x51 /opt/m68k/lib/gcc/m68k-elf/4.6.2/m68000/libgcc.a(_clz.o)

.debug_info     0x0000000000000000     0x1098
 .debug_info    0x0000000000000000       0x9f /opt/m68k/lib/gcc/m68k-elf/4.6.2/m68000/libgcc.a(_mulsi3.o)
 .debug_info    0x000000000000009f       0x9f /opt/m68k/lib/gcc/m68k-elf/4.6.2/m68000/libgcc.a(_udivsi3.o)
 .debug_info    0x000000000000013e       0x9f /opt/m68k/lib/gcc/m68k-elf/4.6.2/m68000/libgcc.a(_modsi3.o)
 .debug_info    0x00000000000001dd       0x9f /opt/m68k/lib/gcc/m68k-elf/4.6.2/m68000/libgcc.a(_divsi3.o)
 .debug_info    0x000000000000027c      0x654 /opt/m68k/lib/gcc/m68k-elf/4.6.2/m68000/libgcc.a(_udivdi3.o)
 .debug_info    0x00000000000008d0      0x660 /opt/m68k/lib/gcc/m68k-elf/4.6.2/m68000/libgcc.a(_umoddi3.o)
 .debug_info    0x0000000000000f30       0x9f /opt/m68k/lib/gcc/m68k-elf/4.6.2/m68000/libgcc.a(_umodsi3.o)
 .debug_info    0x0000000000000fcf       0xc9 /opt/m68k/lib/gcc/m68k-elf/4.6.2/m68000/libgcc.a(_clz.o)

.debug_abbrev   0x0000000000000000      0x3e9
 .debug_abbrev  0x0000000000000000       0x14 /opt/m68k/lib/gcc/m68k-elf/4.6.2/m68000/libgcc.a(_mulsi3.o)
 .debug_abbrev  0x0000000000000014       0x14 /opt/m68k/lib/gcc/m68k-elf/4.6.2/m68000/libgcc.a(_udivsi3.o)
 .debug_abbrev  0x0000000000000028       0x14 /opt/m68k/lib/gcc/m68k-elf/4.6.2/m68000/libgcc.a(_modsi3.o)
 .debug_abbrev  0x000000000000003c       0x14 /opt/m68k/lib/gcc/m68k-elf/4.6.2/m68000/libgcc.a(_divsi3.o)
 .debug_abbrev  0x0000000000000050      0x185 /opt/m68k/lib/gcc/m68k-elf/4.6.2/m68000/libgcc.a(_udivdi3.o)
 .debug_abbrev  0x00000000000001d5      0x19f /opt/m68k/lib/gcc/m68k-elf/4.6.2/m68000/libgcc.a(_umoddi3.o)
 .debug_abbrev  0x0000000000000374       0x14 /opt/m68k/lib/gcc/m68k-elf/4.6.2/m68000/libgcc.a(_umodsi3.o)
 .debug_abbrev  0x0000000000000388       0x61 /opt/m68k/lib/gcc/m68k-elf/4.6.2/m68000/libgcc.a(_clz.o)

.debug_aranges  0x0000000000000000       0xe0
 .debug_aranges
                0x0000000000000000       0x20 /opt/m68k/lib/gcc/m68k-elf/4.6.2/m68000/libgcc.a(_mulsi3.o)
 .debug_aranges
                0x0000000000000020       0x20 /opt/m68k/lib/gcc/m68k-elf/4.6.2/m68000/libgcc.a(_udivsi3.o)
 .debug_aranges
                0x0000000000000040       0x20 /opt/m68k/lib/gcc/m68k-elf/4.6.2/m68000/libgcc.a(_modsi3.o)
 .debug_aranges
                0x0000000000000060       0x20 /opt/m68k/lib/gcc/m68k-elf/4.6.2/m68000/libgcc.a(_divsi3.o)
 .debug_aranges
                0x0000000000000080       0x20 /opt/m68k/lib/gcc/m68k-elf/4.6.2/m68000/libgcc.a(_udivdi3.o)
 .debug_aranges
                0x00000000000000a0       0x20 /opt/m68k/lib/gcc/m68k-elf/4.6.2/m68000/libgcc.a(_umoddi3.o)
 .debug_aranges
                0x00000000000000c0       0x20 /opt/m68k/lib/gcc/m68k-elf/4.6.2/m68000/libgcc.a(_umodsi3.o)

.debug_loc      0x0000000000000000     0x160d
 .debug_loc     0x0000000000000000      0xbd7 /opt/m68k/lib/gcc/m68k-elf/4.6.2/m68000/libgcc.a(_udivdi3.o)
 .debug_loc     0x0000000000000bd7      0xa36 /opt/m68k/lib/gcc/m68k-elf/4.6.2/m68000/libgcc.a(_umoddi3.o)

.debug_ranges   0x0000000000000000      0x298
 .debug_ranges  0x0000000000000000      0x178 /opt/m68k/lib/gcc/m68k-elf/4.6.2/m68000/libgcc.a(_udivdi3.o)
 .debug_ranges  0x0000000000000178      0x120 /opt/m68k/lib/gcc/m68k-elf/4.6.2/m68000/libgcc.a(_umoddi3.o)

.debug_str      0x0000000000000000      0x174
 .debug_str     0x0000000000000000      0x16a /opt/m68k/lib/gcc/m68k-elf/4.6.2/m68000/libgcc.a(_udivdi3.o)
                                        0x1c5 (size before relaxing)
 .debug_str     0x000000000000016a        0xa /opt/m68k/lib/gcc/m68k-elf/4.6.2/m68000/libgcc.a(_umoddi3.o)
                                        0x1c5 (size before relaxing)
 .debug_str     0x0000000000000000      0x157 /opt/m68k/lib/gcc/m68k-elf/4.6.2/m68000/libgcc.a(_clz.o)
