Archive member included because of file (symbol)

/opt/m68k/lib/gcc/m68k-elf/4.6.2/m68000/libgcc.a(_mulsi3.o)
                              BUILD/fat.o (__mulsi3)
/opt/m68k/lib/gcc/m68k-elf/4.6.2/m68000/libgcc.a(_udivsi3.o)
                              BUILD/fat.o (__udivsi3)
/opt/m68k/lib/gcc/m68k-elf/4.6.2/m68000/libgcc.a(_modsi3.o)
                              BUILD/menu.o (__modsi3)
/opt/m68k/lib/gcc/m68k-elf/4.6.2/m68000/libgcc.a(_divsi3.o)
                              /opt/m68k/lib/gcc/m68k-elf/4.6.2/m68000/libgcc.a(_modsi3.o) (__divsi3)
./libc.a(vsnprintf.o)         BUILD/printf.o (vsnprintf)
./libc.a(sprintf.o)           BUILD/fat.o (sprintf)
./libc.a(memcpy.o)            BUILD/fat.o (memcpy)
./libc.a(memcmp.o)            BUILD/menu.o (memcmp)
./libc.a(strcpy.o)            BUILD/fat.o (strcpy)
./libc.a(strcat.o)            BUILD/menu.o (strcat)
./libc.a(strncat.o)           BUILD/menu.o (strncat)
./libc.a(strncmp.o)           BUILD/fat.o (strncmp)
./libc.a(strlen.o)            BUILD/menu.o (strlen)
./libc.a(memset.o)            BUILD/fat.o (memset)
./libc.a(strncpy.o)           BUILD/fat.o (strncpy)
./libc.a(strchr.o)            ./libc.a(strcat.o) (strchr)
/opt/m68k/lib/gcc/m68k-elf/4.6.2/m68000/libgcc.a(_udivdi3.o)
                              ./libc.a(vsnprintf.o) (__udivdi3)
/opt/m68k/lib/gcc/m68k-elf/4.6.2/m68000/libgcc.a(_umoddi3.o)
                              ./libc.a(vsnprintf.o) (__umoddi3)
/opt/m68k/lib/gcc/m68k-elf/4.6.2/m68000/libgcc.a(_umodsi3.o)
                              /opt/m68k/lib/gcc/m68k-elf/4.6.2/m68000/libgcc.a(_udivdi3.o) (__umodsi3)
/opt/m68k/lib/gcc/m68k-elf/4.6.2/m68000/libgcc.a(_clz.o)
                              /opt/m68k/lib/gcc/m68k-elf/4.6.2/m68000/libgcc.a(_udivdi3.o) (__clz_tab)

Memory Configuration

Name             Origin             Length             Attributes
*default*        0x0000000000000000 0xffffffffffffffff

Linker script and memory map

LOAD BUILD/fat.o
LOAD BUILD/fdd.o
LOAD BUILD/fpga.o
LOAD BUILD/hardware.o
LOAD BUILD/hdd.o
LOAD BUILD/main.o
LOAD BUILD/menu.o
LOAD BUILD/mmc.o
LOAD BUILD/osd.o
LOAD BUILD/printf.o
LOAD BUILD/swap.o
LOAD BUILD/config.o
LOAD BUILD/rafile.o
LOAD BUILD/startup.o
LOAD /opt/m68k/lib/gcc/m68k-elf/4.6.2/m68000/libgcc.a
LOAD ./libc.a
LOAD /opt/m68k/lib/gcc/m68k-elf/4.6.2/m68000/libgcc.a
                0x0000000000002000                . = 0x2000

.code           0x0000000000002000    0x10cd0
 BUILD/startup.o(.text)
 .text          0x0000000000002000       0x20 BUILD/startup.o
 *(.text)
 .text          0x0000000000002020     0x254a BUILD/fat.o
                0x0000000000002020                SwapEndianL
                0x0000000000002052                SwapPartitionBytes
                0x0000000000002084                bprintfl
                0x00000000000020b2                FindDrive
                0x000000000000265a                lfn_checksum
                0x0000000000002678                _strnicmp
                0x00000000000026bc                CompareDirEntries
                0x000000000000273a                ChangeDirectory
                0x000000000000274e                GetFATLink
                0x00000000000027e0                ScanDirectory
                0x0000000000003c5c                FileOpen
                0x0000000000003e0c                FileNextSector
                0x0000000000003ebc                FileSeek
                0x0000000000003fce                FileRead
                0x0000000000004022                FileReadEx
                0x00000000000040b0                FileWrite
                0x0000000000004104                FileCreate
                0x0000000000004462                UpdateEntry
 *fill*         0x000000000000456a        0x2 00
 .text          0x000000000000456c      0xf88 BUILD/fdd.o
                0x000000000000456c                SendSector
                0x000000000000480e                SendGap
                0x0000000000004828                ReadTrack
                0x0000000000004b2a                FindSync
                0x0000000000004c22                GetHeader
                0x0000000000004ffa                GetData
                0x00000000000052c2                WriteTrack
                0x0000000000005416                UpdateDriveStatus
                0x0000000000005460                HandleFDD
 .text          0x00000000000054f4      0x8ae BUILD/fpga.o
                0x00000000000054f4                SendFile
                0x0000000000005646                SendFileEncrypted
                0x00000000000057da                BootPrint
                0x0000000000005976                PrepareBootUpload
                0x0000000000005adc                BootExit
                0x0000000000005c12                ClearMemory
                0x0000000000005d68                GetFPGAStatus
 *fill*         0x0000000000005da2        0x2 00
 .text          0x0000000000005da4       0x52 BUILD/hardware.o
                0x0000000000005da4                CheckButton
                0x0000000000005da8                GetTimer
                0x0000000000005db8                CheckTimer
                0x0000000000005dd2                WaitTimer
 *fill*         0x0000000000005df6        0x2 00
 .text          0x0000000000005df8     0x1fac BUILD/hdd.o
                0x0000000000005e6a                IdentifyDevice
                0x00000000000060cc                chs2lba
                0x0000000000006126                WriteTaskFile
                0x00000000000061c8                WriteStatus
                0x0000000000006204                GetHardfileGeometry
                0x0000000000006308                BuildHardfileIndex
                0x0000000000006364                HardFileSeek
                0x00000000000063dc                HandleHDD
                0x0000000000007a3a                OpenHardfile
                0x0000000000007cd2                GetHDFFileType
 .text          0x0000000000007da4      0x1bc BUILD/main.o
                0x0000000000007da4                FatalError
                0x0000000000007e04                HandleFpga
                0x0000000000007e6e                c_entry
 .text          0x0000000000007f60     0x3962 BUILD/menu.o
                0x0000000000007f60                _showdebugmessages
                0x0000000000007fb6                SelectFile
                0x0000000000008026                ShowSplash
                0x00000000000080c8                HideSplash
                0x00000000000080ce                ScrollLongName
                0x000000000000816a                GetDiskInfo
                0x0000000000008250                PrintDirectory
                0x0000000000008446                _strncpy
                0x000000000000846e                InsertFloppy
                0x00000000000085f2                ErrorMessage
                0x000000000000871e                InfoMessage
                0x00000000000087fa                HandleUI
                0x000000000000b878                DebugMessage
 *fill*         0x000000000000b8c2        0x2 00
 .text          0x000000000000b8c4      0xa0a BUILD/mmc.o
                0x000000000000b8c4                MMC_CMD12
                0x000000000000b998                MMC_CRC
                0x000000000000b9c8                MMC_Command
                0x000000000000baac                MMC_Write
                0x000000000000bbde                MMC_ReadMultiple
                0x000000000000bd4a                MMC_GetCSD
                0x000000000000be1a                MMC_GetCapacity
                0x000000000000beb4                MMC_Read
                0x000000000000c00a                MMC_Init
 *fill*         0x000000000000c2ce        0x2 00
 .text          0x000000000000c2d0     0x194e BUILD/osd.o
                0x000000000000c30e                framebuffer_clear
                0x000000000000c334                framebuffer_plot
                0x000000000000c362                StarsInit
                0x000000000000c3bc                StarsUpdate
                0x000000000000c44e                OsdSetTitle
                0x000000000000c58e                OsdWriteOffset
                0x000000000000cd18                OsdWrite
                0x000000000000cd3c                OsdDrawLogo
                0x000000000000d1d8                OsdWriteDoubleSize
                0x000000000000d50e                OSD_PrintText
                0x000000000000d73e                OsdClear
                0x000000000000d774                OsdWaitVBL
                0x000000000000d776                OsdEnable
                0x000000000000d79c                OsdDisable
                0x000000000000d7b8                OsdReset
                0x000000000000d7de                OsdReconfig
                0x000000000000d7fa                ConfigFilter
                0x000000000000d832                ConfigMemory
                0x000000000000d88c                ConfigCPU
                0x000000000000d8ae                ConfigChipset
                0x000000000000d8d4                ConfigFloppy
                0x000000000000d90c                ConfigScanlines
                0x000000000000d932                ConfigIDE
                0x000000000000d97e                ConfigAutofire
                0x000000000000d9a4                GetASCIIKey
                0x000000000000d9be                OsdGetCtrl
                0x000000000000dadc                ScrollText
                0x000000000000dc04                ScrollReset
 *fill*         0x000000000000dc1e        0x2 00
 .text          0x000000000000dc20       0x78 BUILD/printf.o
                0x000000000000dc20                printf
                0x000000000000dc62                putchar
                0x000000000000dc6e                puts
                0x000000000000dc82                tolower
 .text          0x000000000000dc98       0x1c BUILD/swap.o
                0x000000000000dc98                SwapBBBB
                0x000000000000dca4                SwapBB
                0x000000000000dcac                SwapWW
 .text          0x000000000000dcb4      0xbda BUILD/config.o
                0x000000000000dcb4                UploadKickstart
                0x000000000000de78                UploadActionReplay
                0x000000000000def0                SetConfigurationFilename
                0x000000000000df26                ConfigurationExists
                0x000000000000df4a                ApplyConfiguration
                0x000000000000e546                LoadConfiguration
                0x000000000000e728                SaveConfiguration
 *fill*         0x000000000000e88e        0x2 00
 .text          0x000000000000e890      0x170 BUILD/rafile.o
                0x000000000000e890                RARead
                0x000000000000e964                RASeek
                0x000000000000e9ce                RAOpen
 .text          0x000000000000ea00       0x22 /opt/m68k/lib/gcc/m68k-elf/4.6.2/m68000/libgcc.a(_mulsi3.o)
                0x000000000000ea00                __mulsi3
 *fill*         0x000000000000ea22        0x2 00
 .text          0x000000000000ea24       0x5c /opt/m68k/lib/gcc/m68k-elf/4.6.2/m68000/libgcc.a(_udivsi3.o)
                0x000000000000ea24                __udivsi3
 .text          0x000000000000ea80       0x2e /opt/m68k/lib/gcc/m68k-elf/4.6.2/m68000/libgcc.a(_modsi3.o)
                0x000000000000ea80                __modsi3
 *fill*         0x000000000000eaae        0x2 00
 .text          0x000000000000eab0       0x2e /opt/m68k/lib/gcc/m68k-elf/4.6.2/m68000/libgcc.a(_divsi3.o)
                0x000000000000eab0                __divsi3
 *fill*         0x000000000000eade        0x2 00
 .text          0x000000000000eae0      0x75e ./libc.a(vsnprintf.o)
                0x000000000000eae0                vsnprintf
 *fill*         0x000000000000f23e        0x2 00
 .text          0x000000000000f240       0x22 ./libc.a(sprintf.o)
                0x000000000000f240                sprintf
 *fill*         0x000000000000f262        0x2 00
 .text          0x000000000000f264       0x20 ./libc.a(memcpy.o)
                0x000000000000f264                memcpy
 .text          0x000000000000f284       0x2e ./libc.a(memcmp.o)
                0x000000000000f284                memcmp
 *fill*         0x000000000000f2b2        0x2 00
 .text          0x000000000000f2b4       0x12 ./libc.a(strcpy.o)
                0x000000000000f2b4                strcpy
 *fill*         0x000000000000f2c6        0x2 00
 .text          0x000000000000f2c8       0x26 ./libc.a(strcat.o)
                0x000000000000f2c8                strcat
 *fill*         0x000000000000f2ee        0x2 00
 .text          0x000000000000f2f0       0x38 ./libc.a(strncat.o)
                0x000000000000f2f0                strncat
 .text          0x000000000000f328       0x34 ./libc.a(strncmp.o)
                0x000000000000f328                strncmp
 .text          0x000000000000f35c       0x14 ./libc.a(strlen.o)
                0x000000000000f35c                strlen
 .text          0x000000000000f370       0x1e ./libc.a(memset.o)
                0x000000000000f370                memset
 *fill*         0x000000000000f38e        0x2 00
 .text          0x000000000000f390       0x34 ./libc.a(strncpy.o)
                0x000000000000f390                strncpy
 .text          0x000000000000f3c4       0x22 ./libc.a(strchr.o)
                0x000000000000f3c4                strchr
 *fill*         0x000000000000f3e6        0x2 00
 .text          0x000000000000f3e8      0x5b0 /opt/m68k/lib/gcc/m68k-elf/4.6.2/m68000/libgcc.a(_udivdi3.o)
                0x000000000000f3e8                __udivdi3
 .text          0x000000000000f998      0x532 /opt/m68k/lib/gcc/m68k-elf/4.6.2/m68000/libgcc.a(_umoddi3.o)
                0x000000000000f998                __umoddi3
 *fill*         0x000000000000feca        0x2 00
 .text          0x000000000000fecc       0x2e /opt/m68k/lib/gcc/m68k-elf/4.6.2/m68000/libgcc.a(_umodsi3.o)
                0x000000000000fecc                __umodsi3
 *fill*         0x000000000000fefa        0x2 00
 .text          0x000000000000fefc        0x0 /opt/m68k/lib/gcc/m68k-elf/4.6.2/m68000/libgcc.a(_clz.o)
 *(.rodata)
 .rodata        0x000000000000fefc       0x10 BUILD/hdd.o
 .rodata        0x000000000000ff0c       0x13 BUILD/main.o
                0x000000000000ff0c                version
 .rodata        0x000000000000ff1f      0x4ef BUILD/osd.o
                0x000000000000ff1f                keycode_table
                0x000000000000ff9f                logodata
 .rodata        0x000000000001040e        0x9 BUILD/config.o
 .rodata        0x0000000000010417       0x22 ./libc.a(vsnprintf.o)
 .rodata        0x0000000000010439      0x100 /opt/m68k/lib/gcc/m68k-elf/4.6.2/m68000/libgcc.a(_clz.o)
                0x0000000000010439                __clz_tab
 *(.rodata.*)
 .rodata.str1.1
                0x0000000000010539      0x3c0 BUILD/fat.o
                                        0x3c3 (size before relaxing)
 .rodata.str1.1
                0x00000000000108f9       0xe5 BUILD/fdd.o
 .rodata.str1.1
                0x00000000000109de       0x20 BUILD/fpga.o
 .rodata.str1.1
                0x00000000000109fe      0x2b0 BUILD/hdd.o
                                        0x2c1 (size before relaxing)
 .rodata.str1.1
                0x0000000000010cae       0xc7 BUILD/main.o
 .rodata.str1.1
                0x0000000000010d75      0xe10 BUILD/menu.o
                                        0xee5 (size before relaxing)
 .rodata.str1.1
                0x0000000000011b85      0x309 BUILD/mmc.o
 .rodata.str1.1
                0x0000000000011e8e       0x18 BUILD/osd.o
 .rodata.str1.1
                0x0000000000011ea6      0x562 BUILD/config.o
                                        0x575 (size before relaxing)
 .rodata.str1.1
                0x0000000000012408        0x7 ./libc.a(vsnprintf.o)
 *(.data)
 *fill*         0x000000000001240f        0x1 00
 .data          0x0000000000012410        0x0 BUILD/fat.o
 .data          0x0000000000012410        0x0 BUILD/fdd.o
 .data          0x0000000000012410        0x0 BUILD/fpga.o
 .data          0x0000000000012410        0x0 BUILD/hardware.o
 .data          0x0000000000012410        0x0 BUILD/hdd.o
 .data          0x0000000000012410        0x0 BUILD/main.o
 .data          0x0000000000012410       0xbe BUILD/menu.o
                0x0000000000012410                helptexts
                0x000000000001242c                config_autofire_msg
                0x000000000001243c                config_chipset_msg
                0x000000000001244c                config_hdf_msg
                0x0000000000012468                config_cpu_msg
                0x0000000000012478                config_memory_fast_msg
                0x0000000000012488                config_scanlines_msg
                0x0000000000012494                config_memory_slow_msg
                0x00000000000124a4                config_memory_chip_msg
                0x00000000000124b4                config_filter_msg
 *fill*         0x00000000000124ce        0x2 00
 .data          0x00000000000124d0        0x0 BUILD/mmc.o
 .data          0x00000000000124d0      0x800 BUILD/osd.o
                0x00000000000124d0                charfont
 .data          0x0000000000012cd0        0x0 BUILD/printf.o
 .data          0x0000000000012cd0        0x0 BUILD/swap.o
 .data          0x0000000000012cd0        0x0 BUILD/config.o
 .data          0x0000000000012cd0        0x0 BUILD/rafile.o
 .data          0x0000000000012cd0        0x0 BUILD/startup.o
 .data          0x0000000000012cd0        0x0 /opt/m68k/lib/gcc/m68k-elf/4.6.2/m68000/libgcc.a(_mulsi3.o)
 .data          0x0000000000012cd0        0x0 /opt/m68k/lib/gcc/m68k-elf/4.6.2/m68000/libgcc.a(_udivsi3.o)
 .data          0x0000000000012cd0        0x0 /opt/m68k/lib/gcc/m68k-elf/4.6.2/m68000/libgcc.a(_modsi3.o)
 .data          0x0000000000012cd0        0x0 /opt/m68k/lib/gcc/m68k-elf/4.6.2/m68000/libgcc.a(_divsi3.o)
 .data          0x0000000000012cd0        0x0 ./libc.a(vsnprintf.o)
 .data          0x0000000000012cd0        0x0 ./libc.a(sprintf.o)
 .data          0x0000000000012cd0        0x0 ./libc.a(memcpy.o)
 .data          0x0000000000012cd0        0x0 ./libc.a(memcmp.o)
 .data          0x0000000000012cd0        0x0 ./libc.a(strcpy.o)
 .data          0x0000000000012cd0        0x0 ./libc.a(strcat.o)
 .data          0x0000000000012cd0        0x0 ./libc.a(strncat.o)
 .data          0x0000000000012cd0        0x0 ./libc.a(strncmp.o)
 .data          0x0000000000012cd0        0x0 ./libc.a(strlen.o)
 .data          0x0000000000012cd0        0x0 ./libc.a(memset.o)
 .data          0x0000000000012cd0        0x0 ./libc.a(strncpy.o)
 .data          0x0000000000012cd0        0x0 ./libc.a(strchr.o)
 .data          0x0000000000012cd0        0x0 /opt/m68k/lib/gcc/m68k-elf/4.6.2/m68000/libgcc.a(_udivdi3.o)
 .data          0x0000000000012cd0        0x0 /opt/m68k/lib/gcc/m68k-elf/4.6.2/m68000/libgcc.a(_umoddi3.o)
 .data          0x0000000000012cd0        0x0 /opt/m68k/lib/gcc/m68k-elf/4.6.2/m68000/libgcc.a(_umodsi3.o)
 .data          0x0000000000012cd0        0x0 /opt/m68k/lib/gcc/m68k-elf/4.6.2/m68000/libgcc.a(_clz.o)

.extra          0x0000000000012cd0     0x68c0
                0x0000000000012cd0                __s_bss = .
 *(.bss)
 .bss           0x0000000000012cd0     0x19e1 BUILD/fat.o
                0x0000000000012cd0                t_sort_table
                0x0000000000012cd8                t_DirEntry
                0x0000000000012dd8                t_DirEntryLFN
                0x0000000000013600                iPreviousDirectory
                0x0000000000013604                iCurrentDirectory
                0x0000000000013608                iSelectedEntry
                0x0000000000013609                nDirEntries
                0x000000000001360a                sort_table
                0x0000000000013612                DirEntry
                0x0000000000013712                DirEntryLFN
                0x0000000000013f3a                buffered_fat_index
                0x0000000000013f3e                fat_buffer
                0x000000000001413e                partitioncount
                0x0000000000014142                partitions
                0x0000000000014182                sector_buffer
                0x0000000000014582                fat_size
                0x0000000000014586                dir_entries
                0x0000000000014588                cluster_mask
                0x000000000001458c                cluster_size
                0x000000000001458d                fat_number
                0x000000000001458e                root_directory_size
                0x0000000000014592                root_directory_start
                0x0000000000014596                root_directory_cluster
                0x000000000001459a                data_start
                0x000000000001459e                fat_start
                0x00000000000145a2                boot_sector
                0x00000000000145a6                fat32
                0x00000000000145a7                fattype
                0x00000000000145a8                entries_per_cluster
                0x00000000000145aa                directory_cluster
 *fill*         0x00000000000146b1        0x3 00
 .bss           0x00000000000146b4      0xae6 BUILD/fdd.o
                0x00000000000146b4                df
                0x0000000000015194                pdfx
                0x0000000000015198                drives
                0x0000000000015199                DEBUG
 *fill*         0x000000000001519a        0x2 00
 .bss           0x000000000001519c        0x0 BUILD/fpga.o
 .bss           0x000000000001519c        0x0 BUILD/hardware.o
 .bss           0x000000000001519c     0x23fa BUILD/hdd.o
                0x000000000001519c                rdbfile
                0x00000000000152c6                debugmsg2
                0x00000000000152ee                debugmsg
                0x0000000000015316                hdf
 *fill*         0x0000000000017596        0x2 00
 .bss           0x0000000000017598       0x29 BUILD/main.o
                0x0000000000017598                s
                0x00000000000175c0                Error
 *fill*         0x00000000000175c1        0x3 00
 .bss           0x00000000000175c4      0x186 BUILD/menu.o
                0x00000000000175c4                fs_MenuCancel
                0x00000000000175c5                fs_MenuSelect
                0x00000000000175c6                fs_Options
                0x00000000000175c8                fs_pFileExt
                0x00000000000175cc                config_autofire
                0x00000000000175cd                DiskInfo
                0x00000000000175d2                DirEntryInfo
                0x00000000000175fa                menu_timer
                0x00000000000175fe                menumask
                0x0000000000017602                menusub
                0x0000000000017603                parentstate
                0x0000000000017604                menustate
 *fill*         0x000000000001774a        0x2 00
 .bss           0x000000000001774c       0x17 BUILD/mmc.o
                0x000000000001774c                CSDData
                0x000000000001775c                CardType
                0x000000000001775d                response
                0x000000000001775e                timeout
                0x0000000000017762                crc
 *fill*         0x0000000000017763        0x1 00
 .bss           0x0000000000017764      0xc5c BUILD/osd.o
                0x0000000000017764                framebuffer
                0x0000000000017f64                stars
 .bss           0x00000000000183c0      0x100 BUILD/printf.o
                0x00000000000183c0                buf
 .bss           0x00000000000184c0        0x0 BUILD/swap.o
 .bss           0x00000000000184c0     0x10ce BUILD/config.o
                0x00000000000184c0                romfile
                0x00000000000187f2                romkey
                0x00000000000193f2                DebugMode
                0x00000000000193f3                configfilename
                0x0000000000019400                file
                0x000000000001952a                config
 *fill*         0x000000000001958e        0x2 00
 .bss           0x0000000000019590        0x0 BUILD/rafile.o
 .bss           0x0000000000019590        0x0 BUILD/startup.o
 .bss           0x0000000000019590        0x0 /opt/m68k/lib/gcc/m68k-elf/4.6.2/m68000/libgcc.a(_mulsi3.o)
 .bss           0x0000000000019590        0x0 /opt/m68k/lib/gcc/m68k-elf/4.6.2/m68000/libgcc.a(_udivsi3.o)
 .bss           0x0000000000019590        0x0 /opt/m68k/lib/gcc/m68k-elf/4.6.2/m68000/libgcc.a(_modsi3.o)
 .bss           0x0000000000019590        0x0 /opt/m68k/lib/gcc/m68k-elf/4.6.2/m68000/libgcc.a(_divsi3.o)
 .bss           0x0000000000019590        0x0 ./libc.a(vsnprintf.o)
 .bss           0x0000000000019590        0x0 ./libc.a(sprintf.o)
 .bss           0x0000000000019590        0x0 ./libc.a(memcpy.o)
 .bss           0x0000000000019590        0x0 ./libc.a(memcmp.o)
 .bss           0x0000000000019590        0x0 ./libc.a(strcpy.o)
 .bss           0x0000000000019590        0x0 ./libc.a(strcat.o)
 .bss           0x0000000000019590        0x0 ./libc.a(strncat.o)
 .bss           0x0000000000019590        0x0 ./libc.a(strncmp.o)
 .bss           0x0000000000019590        0x0 ./libc.a(strlen.o)
 .bss           0x0000000000019590        0x0 ./libc.a(memset.o)
 .bss           0x0000000000019590        0x0 ./libc.a(strncpy.o)
 .bss           0x0000000000019590        0x0 ./libc.a(strchr.o)
 .bss           0x0000000000019590        0x0 /opt/m68k/lib/gcc/m68k-elf/4.6.2/m68000/libgcc.a(_udivdi3.o)
 .bss           0x0000000000019590        0x0 /opt/m68k/lib/gcc/m68k-elf/4.6.2/m68000/libgcc.a(_umoddi3.o)
 .bss           0x0000000000019590        0x0 /opt/m68k/lib/gcc/m68k-elf/4.6.2/m68000/libgcc.a(_umodsi3.o)
 .bss           0x0000000000019590        0x0 /opt/m68k/lib/gcc/m68k-elf/4.6.2/m68000/libgcc.a(_clz.o)
                0x0000000000019590                __e_bss = .

.eh_frame       0x0000000000019590      0x22c
 *(.eh_frame)
 .eh_frame      0x0000000000019590      0x128 /opt/m68k/lib/gcc/m68k-elf/4.6.2/m68000/libgcc.a(_udivdi3.o)
 .eh_frame      0x00000000000196b8      0x104 /opt/m68k/lib/gcc/m68k-elf/4.6.2/m68000/libgcc.a(_umoddi3.o)
                                        0x11c (size before relaxing)
                0x00000000000197bc                heap_low = .
                0x000000000001a7bc                . = (. + 0x1000)
                0x000000000001a7bc                heap_top = .
                0x0000000000001000                stack_top = 0x1000
OUTPUT(menu.elf elf32-m68k)

.comment        0x0000000000000000       0x11
 .comment       0x0000000000000000       0x11 BUILD/fat.o
                                         0x12 (size before relaxing)
 .comment       0x0000000000000000       0x12 BUILD/fdd.o
 .comment       0x0000000000000000       0x12 BUILD/fpga.o
 .comment       0x0000000000000000       0x12 BUILD/hardware.o
 .comment       0x0000000000000000       0x12 BUILD/hdd.o
 .comment       0x0000000000000000       0x12 BUILD/main.o
 .comment       0x0000000000000000       0x12 BUILD/menu.o
 .comment       0x0000000000000000       0x12 BUILD/mmc.o
 .comment       0x0000000000000000       0x12 BUILD/osd.o
 .comment       0x0000000000000000       0x12 BUILD/printf.o
 .comment       0x0000000000000000       0x12 BUILD/swap.o
 .comment       0x0000000000000000       0x12 BUILD/config.o
 .comment       0x0000000000000000       0x12 BUILD/rafile.o
 .comment       0x0000000000000000       0x12 ./libc.a(vsnprintf.o)
 .comment       0x0000000000000000       0x12 ./libc.a(sprintf.o)
 .comment       0x0000000000000000       0x12 ./libc.a(memcpy.o)
 .comment       0x0000000000000000       0x12 ./libc.a(memcmp.o)
 .comment       0x0000000000000000       0x12 ./libc.a(strcpy.o)
 .comment       0x0000000000000000       0x12 ./libc.a(strcat.o)
 .comment       0x0000000000000000       0x12 ./libc.a(strncat.o)
 .comment       0x0000000000000000       0x12 ./libc.a(strncmp.o)
 .comment       0x0000000000000000       0x12 ./libc.a(strlen.o)
 .comment       0x0000000000000000       0x12 ./libc.a(memset.o)
 .comment       0x0000000000000000       0x12 ./libc.a(strncpy.o)
 .comment       0x0000000000000000       0x12 ./libc.a(strchr.o)
 .comment       0x0000000000000000       0x12 /opt/m68k/lib/gcc/m68k-elf/4.6.2/m68000/libgcc.a(_udivdi3.o)
 .comment       0x0000000000000000       0x12 /opt/m68k/lib/gcc/m68k-elf/4.6.2/m68000/libgcc.a(_umoddi3.o)
 .comment       0x0000000000000000       0x12 /opt/m68k/lib/gcc/m68k-elf/4.6.2/m68000/libgcc.a(_clz.o)

.debug_line     0x0000000000000000      0x4c6
 .debug_line    0x0000000000000000       0x6c /opt/m68k/lib/gcc/m68k-elf/4.6.2/m68000/libgcc.a(_mulsi3.o)
 .debug_line    0x000000000000006c       0x85 /opt/m68k/lib/gcc/m68k-elf/4.6.2/m68000/libgcc.a(_udivsi3.o)
 .debug_line    0x00000000000000f1       0x70 /opt/m68k/lib/gcc/m68k-elf/4.6.2/m68000/libgcc.a(_modsi3.o)
 .debug_line    0x0000000000000161       0x74 /opt/m68k/lib/gcc/m68k-elf/4.6.2/m68000/libgcc.a(_divsi3.o)
 .debug_line    0x00000000000001d5      0x125 /opt/m68k/lib/gcc/m68k-elf/4.6.2/m68000/libgcc.a(_udivdi3.o)
 .debug_line    0x00000000000002fa      0x10b /opt/m68k/lib/gcc/m68k-elf/4.6.2/m68000/libgcc.a(_umoddi3.o)
 .debug_line    0x0000000000000405       0x70 /opt/m68k/lib/gcc/m68k-elf/4.6.2/m68000/libgcc.a(_umodsi3.o)
 .debug_line    0x0000000000000475       0x51 /opt/m68k/lib/gcc/m68k-elf/4.6.2/m68000/libgcc.a(_clz.o)

.debug_info     0x0000000000000000     0x1098
 .debug_info    0x0000000000000000       0x9f /opt/m68k/lib/gcc/m68k-elf/4.6.2/m68000/libgcc.a(_mulsi3.o)
 .debug_info    0x000000000000009f       0x9f /opt/m68k/lib/gcc/m68k-elf/4.6.2/m68000/libgcc.a(_udivsi3.o)
 .debug_info    0x000000000000013e       0x9f /opt/m68k/lib/gcc/m68k-elf/4.6.2/m68000/libgcc.a(_modsi3.o)
 .debug_info    0x00000000000001dd       0x9f /opt/m68k/lib/gcc/m68k-elf/4.6.2/m68000/libgcc.a(_divsi3.o)
 .debug_info    0x000000000000027c      0x654 /opt/m68k/lib/gcc/m68k-elf/4.6.2/m68000/libgcc.a(_udivdi3.o)
 .debug_info    0x00000000000008d0      0x660 /opt/m68k/lib/gcc/m68k-elf/4.6.2/m68000/libgcc.a(_umoddi3.o)
 .debug_info    0x0000000000000f30       0x9f /opt/m68k/lib/gcc/m68k-elf/4.6.2/m68000/libgcc.a(_umodsi3.o)
 .debug_info    0x0000000000000fcf       0xc9 /opt/m68k/lib/gcc/m68k-elf/4.6.2/m68000/libgcc.a(_clz.o)

.debug_abbrev   0x0000000000000000      0x3e9
 .debug_abbrev  0x0000000000000000       0x14 /opt/m68k/lib/gcc/m68k-elf/4.6.2/m68000/libgcc.a(_mulsi3.o)
 .debug_abbrev  0x0000000000000014       0x14 /opt/m68k/lib/gcc/m68k-elf/4.6.2/m68000/libgcc.a(_udivsi3.o)
 .debug_abbrev  0x0000000000000028       0x14 /opt/m68k/lib/gcc/m68k-elf/4.6.2/m68000/libgcc.a(_modsi3.o)
 .debug_abbrev  0x000000000000003c       0x14 /opt/m68k/lib/gcc/m68k-elf/4.6.2/m68000/libgcc.a(_divsi3.o)
 .debug_abbrev  0x0000000000000050      0x185 /opt/m68k/lib/gcc/m68k-elf/4.6.2/m68000/libgcc.a(_udivdi3.o)
 .debug_abbrev  0x00000000000001d5      0x19f /opt/m68k/lib/gcc/m68k-elf/4.6.2/m68000/libgcc.a(_umoddi3.o)
 .debug_abbrev  0x0000000000000374       0x14 /opt/m68k/lib/gcc/m68k-elf/4.6.2/m68000/libgcc.a(_umodsi3.o)
 .debug_abbrev  0x0000000000000388       0x61 /opt/m68k/lib/gcc/m68k-elf/4.6.2/m68000/libgcc.a(_clz.o)

.debug_aranges  0x0000000000000000       0xe0
 .debug_aranges
                0x0000000000000000       0x20 /opt/m68k/lib/gcc/m68k-elf/4.6.2/m68000/libgcc.a(_mulsi3.o)
 .debug_aranges
                0x0000000000000020       0x20 /opt/m68k/lib/gcc/m68k-elf/4.6.2/m68000/libgcc.a(_udivsi3.o)
 .debug_aranges
                0x0000000000000040       0x20 /opt/m68k/lib/gcc/m68k-elf/4.6.2/m68000/libgcc.a(_modsi3.o)
 .debug_aranges
                0x0000000000000060       0x20 /opt/m68k/lib/gcc/m68k-elf/4.6.2/m68000/libgcc.a(_divsi3.o)
 .debug_aranges
                0x0000000000000080       0x20 /opt/m68k/lib/gcc/m68k-elf/4.6.2/m68000/libgcc.a(_udivdi3.o)
 .debug_aranges
                0x00000000000000a0       0x20 /opt/m68k/lib/gcc/m68k-elf/4.6.2/m68000/libgcc.a(_umoddi3.o)
 .debug_aranges
                0x00000000000000c0       0x20 /opt/m68k/lib/gcc/m68k-elf/4.6.2/m68000/libgcc.a(_umodsi3.o)

.debug_loc      0x0000000000000000     0x160d
 .debug_loc     0x0000000000000000      0xbd7 /opt/m68k/lib/gcc/m68k-elf/4.6.2/m68000/libgcc.a(_udivdi3.o)
 .debug_loc     0x0000000000000bd7      0xa36 /opt/m68k/lib/gcc/m68k-elf/4.6.2/m68000/libgcc.a(_umoddi3.o)

.debug_ranges   0x0000000000000000      0x298
 .debug_ranges  0x0000000000000000      0x178 /opt/m68k/lib/gcc/m68k-elf/4.6.2/m68000/libgcc.a(_udivdi3.o)
 .debug_ranges  0x0000000000000178      0x120 /opt/m68k/lib/gcc/m68k-elf/4.6.2/m68000/libgcc.a(_umoddi3.o)

.debug_str      0x0000000000000000      0x174
 .debug_str     0x0000000000000000      0x16a /opt/m68k/lib/gcc/m68k-elf/4.6.2/m68000/libgcc.a(_udivdi3.o)
                                        0x1c5 (size before relaxing)
 .debug_str     0x000000000000016a        0xa /opt/m68k/lib/gcc/m68k-elf/4.6.2/m68000/libgcc.a(_umoddi3.o)
                                        0x1c5 (size before relaxing)
 .debug_str     0x0000000000000000      0x157 /opt/m68k/lib/gcc/m68k-elf/4.6.2/m68000/libgcc.a(_clz.o)
